Archive member included because of file (symbol)

/home/mschreiber/Project/buildroot-2016.05/output/build/glibc-2.22/build/elf/rtld-libc.a(rtld-check_fds.os)
                              /home/mschreiber/Project/buildroot-2016.05/output/build/glibc-2.22/build/elf/dl-allobjs.os (__libc_check_standard_fds)
/home/mschreiber/Project/buildroot-2016.05/output/build/glibc-2.22/build/elf/rtld-libc.a(rtld-errno.os)
                              /home/mschreiber/Project/buildroot-2016.05/output/build/glibc-2.22/build/elf/dl-allobjs.os (rtld_errno)
/home/mschreiber/Project/buildroot-2016.05/output/build/glibc-2.22/build/elf/rtld-libc.a(rtld-divdi3.os)
                              /home/mschreiber/Project/buildroot-2016.05/output/build/glibc-2.22/build/elf/dl-allobjs.os (__udivdi3)
/home/mschreiber/Project/buildroot-2016.05/output/build/glibc-2.22/build/elf/rtld-libc.a(rtld-closedir.os)
                              /home/mschreiber/Project/buildroot-2016.05/output/build/glibc-2.22/build/elf/dl-allobjs.os (__closedir)
/home/mschreiber/Project/buildroot-2016.05/output/build/glibc-2.22/build/elf/rtld-libc.a(rtld-readdir.os)
                              /home/mschreiber/Project/buildroot-2016.05/output/build/glibc-2.22/build/elf/dl-allobjs.os (__readdir)
/home/mschreiber/Project/buildroot-2016.05/output/build/glibc-2.22/build/elf/rtld-libc.a(rtld-rewinddir.os)
                              /home/mschreiber/Project/buildroot-2016.05/output/build/glibc-2.22/build/elf/dl-allobjs.os (__rewinddir)
/home/mschreiber/Project/buildroot-2016.05/output/build/glibc-2.22/build/elf/rtld-libc.a(rtld-getdents.os)
                              /home/mschreiber/Project/buildroot-2016.05/output/build/glibc-2.22/build/elf/rtld-libc.a(rtld-readdir.os) (__getdents)
/home/mschreiber/Project/buildroot-2016.05/output/build/glibc-2.22/build/elf/rtld-libc.a(rtld-fdopendir.os)
                              /home/mschreiber/Project/buildroot-2016.05/output/build/glibc-2.22/build/elf/dl-allobjs.os (__fdopendir)
/home/mschreiber/Project/buildroot-2016.05/output/build/glibc-2.22/build/elf/rtld-libc.a(rtld-profil.os)
                              /home/mschreiber/Project/buildroot-2016.05/output/build/glibc-2.22/build/elf/dl-allobjs.os (__profil)
/home/mschreiber/Project/buildroot-2016.05/output/build/glibc-2.22/build/elf/rtld-libc.a(rtld-prof-freq.os)
                              /home/mschreiber/Project/buildroot-2016.05/output/build/glibc-2.22/build/elf/dl-allobjs.os (__profile_frequency)
/home/mschreiber/Project/buildroot-2016.05/output/build/glibc-2.22/build/elf/rtld-libc.a(rtld-xstat64.os)
                              /home/mschreiber/Project/buildroot-2016.05/output/build/glibc-2.22/build/elf/dl-allobjs.os (__GI___xstat64)
/home/mschreiber/Project/buildroot-2016.05/output/build/glibc-2.22/build/elf/rtld-libc.a(rtld-fxstat64.os)
                              /home/mschreiber/Project/buildroot-2016.05/output/build/glibc-2.22/build/elf/dl-allobjs.os (__GI___fxstat64)
/home/mschreiber/Project/buildroot-2016.05/output/build/glibc-2.22/build/elf/rtld-libc.a(rtld-lxstat64.os)
                              /home/mschreiber/Project/buildroot-2016.05/output/build/glibc-2.22/build/elf/dl-allobjs.os (__GI___lxstat64)
/home/mschreiber/Project/buildroot-2016.05/output/build/glibc-2.22/build/elf/rtld-libc.a(rtld-open.os)
                              /home/mschreiber/Project/buildroot-2016.05/output/build/glibc-2.22/build/elf/dl-allobjs.os (__open)
/home/mschreiber/Project/buildroot-2016.05/output/build/glibc-2.22/build/elf/rtld-libc.a(rtld-read.os)
                              /home/mschreiber/Project/buildroot-2016.05/output/build/glibc-2.22/build/elf/dl-allobjs.os (__libc_read)
/home/mschreiber/Project/buildroot-2016.05/output/build/glibc-2.22/build/elf/rtld-libc.a(rtld-write.os)
                              /home/mschreiber/Project/buildroot-2016.05/output/build/glibc-2.22/build/elf/dl-allobjs.os (__libc_write)
/home/mschreiber/Project/buildroot-2016.05/output/build/glibc-2.22/build/elf/rtld-libc.a(rtld-lseek.os)
                              /home/mschreiber/Project/buildroot-2016.05/output/build/glibc-2.22/build/elf/dl-allobjs.os (__lseek)
/home/mschreiber/Project/buildroot-2016.05/output/build/glibc-2.22/build/elf/rtld-libc.a(rtld-access.os)
                              /home/mschreiber/Project/buildroot-2016.05/output/build/glibc-2.22/build/elf/dl-allobjs.os (__access)
/home/mschreiber/Project/buildroot-2016.05/output/build/glibc-2.22/build/elf/rtld-libc.a(rtld-fcntl.os)
                              /home/mschreiber/Project/buildroot-2016.05/output/build/glibc-2.22/build/elf/rtld-libc.a(rtld-check_fds.os) (__libc_fcntl)
/home/mschreiber/Project/buildroot-2016.05/output/build/glibc-2.22/build/elf/rtld-libc.a(rtld-close.os)
                              /home/mschreiber/Project/buildroot-2016.05/output/build/glibc-2.22/build/elf/dl-allobjs.os (__close)
/home/mschreiber/Project/buildroot-2016.05/output/build/glibc-2.22/build/elf/rtld-libc.a(rtld-mmap.os)
                              /home/mschreiber/Project/buildroot-2016.05/output/build/glibc-2.22/build/elf/dl-allobjs.os (__mmap)
/home/mschreiber/Project/buildroot-2016.05/output/build/glibc-2.22/build/elf/rtld-libc.a(rtld-munmap.os)
                              /home/mschreiber/Project/buildroot-2016.05/output/build/glibc-2.22/build/elf/dl-allobjs.os (__munmap)
/home/mschreiber/Project/buildroot-2016.05/output/build/glibc-2.22/build/elf/rtld-libc.a(rtld-mprotect.os)
                              /home/mschreiber/Project/buildroot-2016.05/output/build/glibc-2.22/build/elf/dl-allobjs.os (__mprotect)
/home/mschreiber/Project/buildroot-2016.05/output/build/glibc-2.22/build/elf/rtld-libc.a(rtld-uname.os)
                              /home/mschreiber/Project/buildroot-2016.05/output/build/glibc-2.22/build/elf/dl-allobjs.os (__uname)
/home/mschreiber/Project/buildroot-2016.05/output/build/glibc-2.22/build/elf/rtld-libc.a(rtld-_exit.os)
                              /home/mschreiber/Project/buildroot-2016.05/output/build/glibc-2.22/build/elf/dl-allobjs.os (__GI__exit)
/home/mschreiber/Project/buildroot-2016.05/output/build/glibc-2.22/build/elf/rtld-libc.a(rtld-getpid.os)
                              /home/mschreiber/Project/buildroot-2016.05/output/build/glibc-2.22/build/elf/dl-allobjs.os (__getpid)
/home/mschreiber/Project/buildroot-2016.05/output/build/glibc-2.22/build/elf/rtld-libc.a(rtld-environ.os)
                              /home/mschreiber/Project/buildroot-2016.05/output/build/glibc-2.22/build/elf/dl-allobjs.os (__environ)
/home/mschreiber/Project/buildroot-2016.05/output/build/glibc-2.22/build/elf/rtld-libc.a(rtld-setjmp.os)
                              /home/mschreiber/Project/buildroot-2016.05/output/build/glibc-2.22/build/elf/dl-allobjs.os (__sigsetjmp)
/home/mschreiber/Project/buildroot-2016.05/output/build/glibc-2.22/build/elf/rtld-libc.a(rtld-__longjmp.os)
                              /home/mschreiber/Project/buildroot-2016.05/output/build/glibc-2.22/build/elf/dl-allobjs.os (__longjmp)
/home/mschreiber/Project/buildroot-2016.05/output/build/glibc-2.22/build/elf/rtld-libc.a(rtld-sigaction.os)
                              /home/mschreiber/Project/buildroot-2016.05/output/build/glibc-2.22/build/elf/rtld-libc.a(rtld-profil.os) (__sigaction)
/home/mschreiber/Project/buildroot-2016.05/output/build/glibc-2.22/build/elf/rtld-libc.a(rtld-mp_clz_tab.os)
                              /home/mschreiber/Project/buildroot-2016.05/output/build/glibc-2.22/build/elf/rtld-libc.a(rtld-divdi3.os) (__clz_tab)
/home/mschreiber/Project/buildroot-2016.05/output/build/glibc-2.22/build/elf/rtld-libc.a(rtld-strchr.os)
                              /home/mschreiber/Project/buildroot-2016.05/output/build/glibc-2.22/build/elf/dl-allobjs.os (strchr)
/home/mschreiber/Project/buildroot-2016.05/output/build/glibc-2.22/build/elf/rtld-libc.a(rtld-strdup.os)
                              /home/mschreiber/Project/buildroot-2016.05/output/build/glibc-2.22/build/elf/dl-allobjs.os (__strdup)
/home/mschreiber/Project/buildroot-2016.05/output/build/glibc-2.22/build/elf/rtld-libc.a(rtld-strlen.os)
                              /home/mschreiber/Project/buildroot-2016.05/output/build/glibc-2.22/build/elf/dl-allobjs.os (strlen)
/home/mschreiber/Project/buildroot-2016.05/output/build/glibc-2.22/build/elf/rtld-libc.a(rtld-strnlen.os)
                              /home/mschreiber/Project/buildroot-2016.05/output/build/glibc-2.22/build/elf/dl-allobjs.os (strnlen)
/home/mschreiber/Project/buildroot-2016.05/output/build/glibc-2.22/build/elf/rtld-libc.a(rtld-memchr.os)
                              /home/mschreiber/Project/buildroot-2016.05/output/build/glibc-2.22/build/elf/dl-allobjs.os (memchr)
/home/mschreiber/Project/buildroot-2016.05/output/build/glibc-2.22/build/elf/rtld-libc.a(rtld-memcmp.os)
                              /home/mschreiber/Project/buildroot-2016.05/output/build/glibc-2.22/build/elf/dl-allobjs.os (memcmp)
/home/mschreiber/Project/buildroot-2016.05/output/build/glibc-2.22/build/elf/rtld-libc.a(rtld-memmove.os)
                              /home/mschreiber/Project/buildroot-2016.05/output/build/glibc-2.22/build/elf/dl-allobjs.os (memmove)
/home/mschreiber/Project/buildroot-2016.05/output/build/glibc-2.22/build/elf/rtld-libc.a(rtld-memset.os)
                              /home/mschreiber/Project/buildroot-2016.05/output/build/glibc-2.22/build/elf/dl-allobjs.os (memset)
/home/mschreiber/Project/buildroot-2016.05/output/build/glibc-2.22/build/elf/rtld-libc.a(rtld-mempcpy.os)
                              /home/mschreiber/Project/buildroot-2016.05/output/build/glibc-2.22/build/elf/dl-allobjs.os (__mempcpy)
/home/mschreiber/Project/buildroot-2016.05/output/build/glibc-2.22/build/elf/rtld-libc.a(rtld-stpcpy.os)
                              /home/mschreiber/Project/buildroot-2016.05/output/build/glibc-2.22/build/elf/dl-allobjs.os (__stpcpy)
/home/mschreiber/Project/buildroot-2016.05/output/build/glibc-2.22/build/elf/rtld-libc.a(rtld-memcpy.os)
                              /home/mschreiber/Project/buildroot-2016.05/output/build/glibc-2.22/build/elf/dl-allobjs.os (memcpy)
/home/mschreiber/Project/buildroot-2016.05/output/build/glibc-2.22/build/elf/rtld-libc.a(rtld-wordcopy.os)
                              /home/mschreiber/Project/buildroot-2016.05/output/build/glibc-2.22/build/elf/rtld-libc.a(rtld-memmove.os) (_wordcopy_fwd_aligned)
/home/mschreiber/Project/buildroot-2016.05/output/build/glibc-2.22/build/elf/rtld-libc.a(rtld-rawmemchr.os)
                              /home/mschreiber/Project/buildroot-2016.05/output/build/glibc-2.22/build/elf/dl-allobjs.os (rawmemchr)
/home/mschreiber/Project/buildroot-2016.05/output/build/glibc-2.22/build/elf/rtld-libc.a(rtld-setitimer.os)
                              /home/mschreiber/Project/buildroot-2016.05/output/build/glibc-2.22/build/elf/rtld-libc.a(rtld-profil.os) (__setitimer)
/home/mschreiber/Project/buildroot-2016.05/output/host/usr/lib/gcc/sh4a-buildroot-linux-gnu/4.9.3/libgcc.a(_div_table.o)
                              /home/mschreiber/Project/buildroot-2016.05/output/build/glibc-2.22/build/elf/dl-allobjs.os (__udivsi3_i4i)
/home/mschreiber/Project/buildroot-2016.05/output/host/usr/lib/gcc/sh4a-buildroot-linux-gnu/4.9.3/libgcc.a(_udiv_qrnnd_16.o)
                              /home/mschreiber/Project/buildroot-2016.05/output/build/glibc-2.22/build/elf/rtld-libc.a(rtld-divdi3.os) (__udiv_qrnnd_16)

Memory Configuration

Name             Origin             Length             Attributes
*default*        0x00000000         0xffffffff

Linker script and memory map

START GROUP
LOAD /home/mschreiber/Project/buildroot-2016.05/output/build/glibc-2.22/build/elf/dl-allobjs.os
LOAD /home/mschreiber/Project/buildroot-2016.05/output/build/glibc-2.22/build/elf/rtld-libc.a
LOAD /home/mschreiber/Project/buildroot-2016.05/output/host/usr/lib/gcc/sh4a-buildroot-linux-gnu/4.9.3/libgcc.a
END GROUP

.interp
 *(.interp)

.note.gnu.build-id
 *(.note.gnu.build-id)

.hash
 *(.hash)

.gnu.hash
 *(.gnu.hash)

.dynsym
 *(.dynsym)

.dynstr
 *(.dynstr)

.gnu.version
 *(.gnu.version)

.gnu.version_d
 *(.gnu.version_d)

.gnu.version_r
 *(.gnu.version_r)

.rela.init
 *(.rela.init)

.rela.text
 *(.rela.text)

.rela.fini
 *(.rela.fini)

.rela.rodata
 *(.rela.rodata)

.rela.data.rel.ro
 *(.rela.data.rel.ro)

.rela.data
 *(.rela.data)

.rela.tdata
 *(.rela.tdata)

.rela.tbss
 *(.rela.tbss)

.rela.ctors
 *(.rela.ctors)

.rela.dtors
 *(.rela.dtors)

.rela.got
 *(.rela.got)

.rela.sdata
 *(.rela.sdata)

.rela.sbss
 *(.rela.sbss)

.rela.sdata2
 *(.rela.sdata2)

.rela.sbss2
 *(.rela.sbss2)

.rela.bss
 *(.rela.bss)

.rela.iplt
 *(.rela.iplt)

.rela.plt
 *(.rela.plt)

.init
 *(SORT(.init))

.plt
 *(.plt)

.iplt
 *(.iplt)

.text           0x00000000    0x153a8
 *(.text .stub)
 .text          0x00000000    0x1317c /home/mschreiber/Project/buildroot-2016.05/output/build/glibc-2.22/build/elf/dl-allobjs.os
                0x00000000                _start
                0x0000000c                _dl_start_user
                0x00000064                __fpscr_values
                0x0000006c                _dl_initial_error_catch_tsd
                0x00005aac                _dl_dst_count
                0x00005b68                _dl_dst_substitute
                0x0000636c                _dl_init_paths
                0x000067d4                _dl_map_object
                0x0000708c                _dl_rtld_di_serinfo
                0x00007c70                _dl_lookup_symbol_x
                0x00008a68                _dl_setup_hash
                0x00008afc                _dl_add_to_namespace_list
                0x00008ba0                _dl_new_object
                0x00008e88                _dl_try_allocate_static_tls
                0x00008f4c                _dl_allocate_static_tls
                0x00008f94                _dl_nothread_init_static_tls
                0x00008fe0                _dl_protect_relro
                0x00009050                _dl_reloc_bad_type
                0x000090b8                _dl_relocate_object
                0x00009eb8                _dl_map_object_deps
                0x0000adec                _dl_important_hwcaps
                0x0000b440                _dl_fixup
                0x0000b5d8                _dl_profile_fixup
                0x0000ba58                _dl_call_pltexit
                0x0000bb48                _dl_signal_error
                0x0000bcfc                _dl_signal_cerror
                0x0000bd94                _dl_catch_error
                0x0000be28                _dl_receive_error
                0x0000bf7c                _dl_init
                0x0000c0a8                _dl_sort_fini
                0x0000c2a8                _dl_fini
                0x0000c660                _dl_debug_state
                0x0000c660                __GI__dl_debug_state
                0x0000c664                _dl_debug_initialize
                0x0000cb18                _dl_sysdep_read_whole_file
                0x0000cbb0                _dl_debug_printf
                0x0000cc38                _dl_debug_printf_c
                0x0000ccc0                _dl_dprintf
                0x0000cd40                _dl_name_match_p
                0x0000cdf0                _dl_higher_prime_number
                0x0000d1e0                _dl_check_map_versions
                0x0000d5d4                _dl_check_all_versions
                0x0000d650                _dl_start_profile
                0x0000dcbc                __GI__dl_mcount
                0x0000dcbc                _dl_mcount
                0x0000df90                _dl_resolve_conflicts
                0x0000e3d8                _dl_next_tls_modid
                0x0000e4b8                _dl_count_modids
                0x0000e510                _dl_determine_tlsoffset
                0x0000e6a8                __GI__dl_tls_setup
                0x0000e6a8                _dl_tls_setup
                0x0000e744                _dl_get_tls_static_info
                0x0000e764                _dl_allocate_tls_storage
                0x0000e7f8                __GI__dl_allocate_tls_init
                0x0000e7f8                _dl_allocate_tls_init
                0x0000e9e4                __GI__dl_allocate_tls
                0x0000e9e4                _dl_allocate_tls
                0x0000ea1c                _dl_deallocate_tls
                0x0000ea1c                __GI__dl_deallocate_tls
                0x0000eac8                _dl_update_slotinfo
                0x0000ed0c                __GI___tls_get_addr
                0x0000ed0c                __tls_get_addr
                0x0000ed58                _dl_tls_get_addr_soft
                0x0000edc8                _dl_add_to_slotinfo
                0x0000eec0                _dl_get_origin
                0x0000f058                _dl_scope_free
                0x0000f110                _dl_make_stack_executable
                0x0000f110                __GI__dl_make_stack_executable
                0x0000f1a4                _dl_check_caller
                0x0000f72c                _dl_open
                0x0000fa68                _dl_show_scope
                0x0000fbb8                _dl_addr_inside_object
                0x0000fc04                __GI__dl_find_dso_for_object
                0x0000fc04                _dl_find_dso_for_object
                0x0001069c                _dl_close_worker
                0x00011414                _dl_close
                0x000114e0                _dl_runtime_resolve
                0x00011560                _dl_runtime_profile
                0x000116c0                _dl_cache_libcmp
                0x000117b4                _dl_load_cache_lookup
                0x00011d10                _dl_unload_cache
                0x00011d50                _dl_sysdep_start
                0x00011f98                _dl_sysdep_start_cleanup
                0x00011f9c                _dl_show_auxv
                0x000120c4                _dl_discover_osversion
                0x0001227c                _dl_next_ld_env_entry
                0x000122bc                unsetenv
                0x00012324                __libc_memalign
                0x00012408                malloc
                0x00012428                calloc
                0x00012474                free
                0x000124c0                __sigjmp_save
                0x000124c8                __GI___libc_fatal
                0x000124c8                __libc_fatal
                0x000124f4                __GI___chk_fail
                0x000124f4                __chk_fail
                0x0001250c                __GI___assert_fail
                0x0001250c                __assert_fail
                0x00012560                realloc
                0x000125ec                __strtoul_internal
                0x00012770                _itoa
                0x00012808                __strerror_r
                0x000128f4                __GI___assert_perror_fail
                0x000128f4                __assert_perror_fail
                0x0001296c                __strsep
                0x0001296c                strsep
                0x0001296c                __strsep_g
                0x000129e4                __brk
                0x000129e4                brk
                0x00012a24                sbrk
                0x00012a24                __sbrk
                0x00012ab8                __getcwd
                0x00012ab8                getcwd
                0x00012ebc                openat64
                0x00012f38                __alloc_dir
                0x0001301c                __opendir
                0x0001301c                opendir
                0x00013128                __fxstatat64
 .text          0x0001317c      0x114 /home/mschreiber/Project/buildroot-2016.05/output/build/glibc-2.22/build/elf/rtld-libc.a(rtld-check_fds.os)
                0x0001324c                __libc_check_standard_fds
 .text          0x00013290        0x0 /home/mschreiber/Project/buildroot-2016.05/output/build/glibc-2.22/build/elf/rtld-libc.a(rtld-errno.os)
 .text          0x00013290      0x3e0 /home/mschreiber/Project/buildroot-2016.05/output/build/glibc-2.22/build/elf/rtld-libc.a(rtld-divdi3.os)
                0x00013544                __divdi3@GLIBC_2.2
                0x00013544                __divdi3_internal
                0x000135ac                __moddi3@GLIBC_2.2
                0x000135ac                __moddi3_internal
                0x0001361c                __udivdi3@GLIBC_2.2
                0x0001361c                __udivdi3_internal
                0x00013640                __umoddi3@GLIBC_2.2
                0x00013640                __umoddi3_internal
 .text          0x00013670       0x58 /home/mschreiber/Project/buildroot-2016.05/output/build/glibc-2.22/build/elf/rtld-libc.a(rtld-closedir.os)
                0x00013670                __closedir
                0x00013670                closedir
 .text          0x000136c8       0xb4 /home/mschreiber/Project/buildroot-2016.05/output/build/glibc-2.22/build/elf/rtld-libc.a(rtld-readdir.os)
                0x000136c8                readdir
                0x000136c8                __readdir
 .text          0x0001377c       0x34 /home/mschreiber/Project/buildroot-2016.05/output/build/glibc-2.22/build/elf/rtld-libc.a(rtld-rewinddir.os)
                0x0001377c                rewinddir
                0x0001377c                __rewinddir
 .text          0x000137b0       0xb4 /home/mschreiber/Project/buildroot-2016.05/output/build/glibc-2.22/build/elf/rtld-libc.a(rtld-getdents.os)
                0x000137b0                __getdents
 .text          0x00013864       0x94 /home/mschreiber/Project/buildroot-2016.05/output/build/glibc-2.22/build/elf/rtld-libc.a(rtld-fdopendir.os)
                0x00013864                fdopendir
                0x00013864                __fdopendir
 .text          0x000138f8      0x120 /home/mschreiber/Project/buildroot-2016.05/output/build/glibc-2.22/build/elf/rtld-libc.a(rtld-profil.os)
                0x00013950                __profil
                0x00013950                profil
 .text          0x00013a18       0x1c /home/mschreiber/Project/buildroot-2016.05/output/build/glibc-2.22/build/elf/rtld-libc.a(rtld-prof-freq.os)
                0x00013a18                __profile_frequency
 .text          0x00013a34       0x50 /home/mschreiber/Project/buildroot-2016.05/output/build/glibc-2.22/build/elf/rtld-libc.a(rtld-xstat64.os)
                0x00013a34                ___xstat64
                0x00013a34                __xstat64
                0x00013a34                __GI___xstat64
 .text          0x00013a84       0x50 /home/mschreiber/Project/buildroot-2016.05/output/build/glibc-2.22/build/elf/rtld-libc.a(rtld-fxstat64.os)
                0x00013a84                ___fxstat64
                0x00013a84                __GI___fxstat64
                0x00013a84                __fxstat64
 .text          0x00013ad4       0x50 /home/mschreiber/Project/buildroot-2016.05/output/build/glibc-2.22/build/elf/rtld-libc.a(rtld-lxstat64.os)
                0x00013ad4                ___lxstat64
                0x00013ad4                __lxstat64
                0x00013ad4                __GI___lxstat64
 *fill*         0x00013b24       0x1c 
 .text          0x00013b40       0x60 /home/mschreiber/Project/buildroot-2016.05/output/build/glibc-2.22/build/elf/rtld-libc.a(rtld-open.os)
                0x00013b40                __open
                0x00013b40                __GI_open
                0x00013b40                __GI___open
                0x00013b40                __libc_open
                0x00013b40                __GI___libc_open
                0x00013b40                open
 .text          0x00013ba0       0x60 /home/mschreiber/Project/buildroot-2016.05/output/build/glibc-2.22/build/elf/rtld-libc.a(rtld-read.os)
                0x00013ba0                __read
                0x00013ba0                __GI_read
                0x00013ba0                __libc_read
                0x00013ba0                __GI___read
                0x00013ba0                read
                0x00013ba0                __GI___libc_read
 .text          0x00013c00       0x60 /home/mschreiber/Project/buildroot-2016.05/output/build/glibc-2.22/build/elf/rtld-libc.a(rtld-write.os)
                0x00013c00                __write
                0x00013c00                __GI_write
                0x00013c00                write
                0x00013c00                __GI___libc_write
                0x00013c00                __GI___write
                0x00013c00                __libc_write
 .text          0x00013c60       0x60 /home/mschreiber/Project/buildroot-2016.05/output/build/glibc-2.22/build/elf/rtld-libc.a(rtld-lseek.os)
                0x00013c60                __GI___lseek
                0x00013c60                lseek
                0x00013c60                __GI___libc_lseek
                0x00013c60                __lseek
                0x00013c60                __libc_lseek
                0x00013c60                __GI_lseek
 .text          0x00013cc0       0x60 /home/mschreiber/Project/buildroot-2016.05/output/build/glibc-2.22/build/elf/rtld-libc.a(rtld-access.os)
                0x00013cc0                __GI_access
                0x00013cc0                __GI___access
                0x00013cc0                access
                0x00013cc0                __access
 .text          0x00013d20       0x98 /home/mschreiber/Project/buildroot-2016.05/output/build/glibc-2.22/build/elf/rtld-libc.a(rtld-fcntl.os)
                0x00013d20                __libc_fcntl
                0x00013d20                __fcntl
                0x00013d20                fcntl
 *fill*         0x00013db8        0x8 
 .text          0x00013dc0       0x60 /home/mschreiber/Project/buildroot-2016.05/output/build/glibc-2.22/build/elf/rtld-libc.a(rtld-close.os)
                0x00013dc0                __GI_close
                0x00013dc0                __GI___libc_close
                0x00013dc0                __libc_close
                0x00013dc0                __close
                0x00013dc0                __GI___close
                0x00013dc0                close
 .text          0x00013e20       0x60 /home/mschreiber/Project/buildroot-2016.05/output/build/glibc-2.22/build/elf/rtld-libc.a(rtld-mmap.os)
                0x00013e20                __GI___mmap
                0x00013e20                __mmap
                0x00013e20                mmap
                0x00013e20                __GI_mmap
 .text          0x00013e80       0x60 /home/mschreiber/Project/buildroot-2016.05/output/build/glibc-2.22/build/elf/rtld-libc.a(rtld-munmap.os)
                0x00013e80                munmap
                0x00013e80                __GI___munmap
                0x00013e80                __GI_munmap
                0x00013e80                __munmap
 .text          0x00013ee0       0x60 /home/mschreiber/Project/buildroot-2016.05/output/build/glibc-2.22/build/elf/rtld-libc.a(rtld-mprotect.os)
                0x00013ee0                __mprotect
                0x00013ee0                __GI___mprotect
                0x00013ee0                __GI_mprotect
                0x00013ee0                mprotect
 .text          0x00013f40       0x60 /home/mschreiber/Project/buildroot-2016.05/output/build/glibc-2.22/build/elf/rtld-libc.a(rtld-uname.os)
                0x00013f40                uname
                0x00013f40                __GI_uname
                0x00013f40                __uname
                0x00013f40                __GI___uname
 .text          0x00013fa0       0x84 /home/mschreiber/Project/buildroot-2016.05/output/build/glibc-2.22/build/elf/rtld-libc.a(rtld-_exit.os)
                0x00013fa0                _Exit
                0x00013fa0                __GI__exit
                0x00013fa0                _exit
 .text          0x00014024       0x14 /home/mschreiber/Project/buildroot-2016.05/output/build/glibc-2.22/build/elf/rtld-libc.a(rtld-getpid.os)
                0x00014024                __getpid
                0x00014024                getpid
 .text          0x00014038        0x0 /home/mschreiber/Project/buildroot-2016.05/output/build/glibc-2.22/build/elf/rtld-libc.a(rtld-environ.os)
 *fill*         0x00014038        0x8 
 .text          0x00014040       0x40 /home/mschreiber/Project/buildroot-2016.05/output/build/glibc-2.22/build/elf/rtld-libc.a(rtld-setjmp.os)
                0x00014040                __sigsetjmp
 .text          0x00014080       0x40 /home/mschreiber/Project/buildroot-2016.05/output/build/glibc-2.22/build/elf/rtld-libc.a(rtld-__longjmp.os)
                0x00014080                __longjmp
 .text          0x000140c0      0x134 /home/mschreiber/Project/buildroot-2016.05/output/build/glibc-2.22/build/elf/rtld-libc.a(rtld-sigaction.os)
                0x000140c0                __libc_sigaction
                0x000141b8                sigaction
                0x000141b8                __sigaction
 .text          0x000141f4        0x0 /home/mschreiber/Project/buildroot-2016.05/output/build/glibc-2.22/build/elf/rtld-libc.a(rtld-mp_clz_tab.os)
 .text          0x000141f4       0xc4 /home/mschreiber/Project/buildroot-2016.05/output/build/glibc-2.22/build/elf/rtld-libc.a(rtld-strchr.os)
                0x000141f4                index
                0x000141f4                strchr
 .text          0x000142b8       0x5c /home/mschreiber/Project/buildroot-2016.05/output/build/glibc-2.22/build/elf/rtld-libc.a(rtld-strdup.os)
                0x000142b8                __strdup
                0x000142b8                strdup
 *fill*         0x00014314        0xc 
 .text          0x00014320       0x60 /home/mschreiber/Project/buildroot-2016.05/output/build/glibc-2.22/build/elf/rtld-libc.a(rtld-strlen.os)
                0x00014320                strlen
 .text          0x00014380       0xb4 /home/mschreiber/Project/buildroot-2016.05/output/build/glibc-2.22/build/elf/rtld-libc.a(rtld-strnlen.os)
                0x00014380                __strnlen
                0x00014380                strnlen
 .text          0x00014434       0xb8 /home/mschreiber/Project/buildroot-2016.05/output/build/glibc-2.22/build/elf/rtld-libc.a(rtld-memchr.os)
                0x00014434                memchr
                0x00014434                __memchr
 .text          0x000144ec      0x36c /home/mschreiber/Project/buildroot-2016.05/output/build/glibc-2.22/build/elf/rtld-libc.a(rtld-memcmp.os)
                0x000144ec                bcmp
                0x000144ec                memcmp
 .text          0x00014858      0x128 /home/mschreiber/Project/buildroot-2016.05/output/build/glibc-2.22/build/elf/rtld-libc.a(rtld-memmove.os)
                0x00014858                memmove
 .text          0x00014980       0x60 /home/mschreiber/Project/buildroot-2016.05/output/build/glibc-2.22/build/elf/rtld-libc.a(rtld-memset.os)
                0x00014980                memset
 .text          0x000149e0       0x24 /home/mschreiber/Project/buildroot-2016.05/output/build/glibc-2.22/build/elf/rtld-libc.a(rtld-mempcpy.os)
                0x000149e0                mempcpy
                0x000149e0                __mempcpy
 .text          0x00014a04       0x44 /home/mschreiber/Project/buildroot-2016.05/output/build/glibc-2.22/build/elf/rtld-libc.a(rtld-stpcpy.os)
                0x00014a04                stpcpy
                0x00014a04                __stpcpy
 *fill*         0x00014a48       0x18 
 .text          0x00014a60       0xc0 /home/mschreiber/Project/buildroot-2016.05/output/build/glibc-2.22/build/elf/rtld-libc.a(rtld-memcpy.os)
                0x00014a60                memcpy
 .text          0x00014b20      0x30c /home/mschreiber/Project/buildroot-2016.05/output/build/glibc-2.22/build/elf/rtld-libc.a(rtld-wordcopy.os)
                0x00014b20                _wordcopy_fwd_aligned
                0x00014bd4                _wordcopy_fwd_dest_aligned
                0x00014c7c                _wordcopy_bwd_aligned
                0x00014d5c                _wordcopy_bwd_dest_aligned
 .text          0x00014e2c       0x8c /home/mschreiber/Project/buildroot-2016.05/output/build/glibc-2.22/build/elf/rtld-libc.a(rtld-rawmemchr.os)
                0x00014e2c                __rawmemchr
                0x00014e2c                rawmemchr
 *fill*         0x00014eb8        0x8 
 .text          0x00014ec0       0x60 /home/mschreiber/Project/buildroot-2016.05/output/build/glibc-2.22/build/elf/rtld-libc.a(rtld-setitimer.os)
                0x00014ec0                setitimer
                0x00014ec0                __setitimer
                0x00014ec0                __GI_setitimer
                0x00014ec0                __GI___setitimer
 .text          0x00014f20      0x424 /home/mschreiber/Project/buildroot-2016.05/output/host/usr/lib/gcc/sh4a-buildroot-linux-gnu/4.9.3/libgcc.a(_div_table.o)
                0x00014f20                __udivsi3_i4i
                0x00014ff0                __sdivsi3_i4i
 *fill*         0x00015344        0x4 
 .text          0x00015348       0x60 /home/mschreiber/Project/buildroot-2016.05/output/host/usr/lib/gcc/sh4a-buildroot-linux-gnu/4.9.3/libgcc.a(_udiv_qrnnd_16.o)
                0x00015348                __udiv_qrnnd_16
 *(.gnu.warning)

.text.unlikely  0x00000000      0x268
 .text.unlikely
                0x00000000      0x268 /home/mschreiber/Project/buildroot-2016.05/output/build/glibc-2.22/build/elf/dl-allobjs.os

.fini
 *(SORT(.fini))

.rodata         0x00000000      0x878
 *(.rodata)
 .rodata        0x00000000      0x778 /home/mschreiber/Project/buildroot-2016.05/output/build/glibc-2.22/build/elf/dl-allobjs.os
                0x00000768                __GI__itoa_lower_digits
                0x00000768                _itoa_lower_digits
 .rodata        0x00000778      0x100 /home/mschreiber/Project/buildroot-2016.05/output/build/glibc-2.22/build/elf/rtld-libc.a(rtld-mp_clz_tab.os)
                0x00000778                __clz_tab

.rodata.str1.4  0x00000000     0x3418
 .rodata.str1.4
                0x00000000     0x3400 /home/mschreiber/Project/buildroot-2016.05/output/build/glibc-2.22/build/elf/dl-allobjs.os
 .rodata.str1.4
                0x00003400       0x18 /home/mschreiber/Project/buildroot-2016.05/output/build/glibc-2.22/build/elf/rtld-libc.a(rtld-check_fds.os)

.rodata.cst4    0x00000000        0x4
 .rodata.cst4   0x00000000        0x4 /home/mschreiber/Project/buildroot-2016.05/output/build/glibc-2.22/build/elf/dl-allobjs.os

.rodata1
 *(.rodata1)

.sdata2
 *(.sdata2)

.sbss2
 *(.sbss2)

.eh_frame_hdr
 *(.eh_frame_hdr)

.eh_frame       0x00000000      0x740
 *(.eh_frame)
 .eh_frame      0x00000000      0x454 /home/mschreiber/Project/buildroot-2016.05/output/build/glibc-2.22/build/elf/dl-allobjs.os
 .eh_frame      0x00000454       0x2c /home/mschreiber/Project/buildroot-2016.05/output/build/glibc-2.22/build/elf/rtld-libc.a(rtld-open.os)
 .eh_frame      0x00000480       0x2c /home/mschreiber/Project/buildroot-2016.05/output/build/glibc-2.22/build/elf/rtld-libc.a(rtld-read.os)
 .eh_frame      0x000004ac       0x2c /home/mschreiber/Project/buildroot-2016.05/output/build/glibc-2.22/build/elf/rtld-libc.a(rtld-write.os)
 .eh_frame      0x000004d8       0x2c /home/mschreiber/Project/buildroot-2016.05/output/build/glibc-2.22/build/elf/rtld-libc.a(rtld-lseek.os)
 .eh_frame      0x00000504       0x2c /home/mschreiber/Project/buildroot-2016.05/output/build/glibc-2.22/build/elf/rtld-libc.a(rtld-access.os)
 .eh_frame      0x00000530       0x40 /home/mschreiber/Project/buildroot-2016.05/output/build/glibc-2.22/build/elf/rtld-libc.a(rtld-fcntl.os)
 .eh_frame      0x00000570       0x2c /home/mschreiber/Project/buildroot-2016.05/output/build/glibc-2.22/build/elf/rtld-libc.a(rtld-close.os)
 .eh_frame      0x0000059c       0x2c /home/mschreiber/Project/buildroot-2016.05/output/build/glibc-2.22/build/elf/rtld-libc.a(rtld-mmap.os)
 .eh_frame      0x000005c8       0x2c /home/mschreiber/Project/buildroot-2016.05/output/build/glibc-2.22/build/elf/rtld-libc.a(rtld-munmap.os)
 .eh_frame      0x000005f4       0x2c /home/mschreiber/Project/buildroot-2016.05/output/build/glibc-2.22/build/elf/rtld-libc.a(rtld-mprotect.os)
 .eh_frame      0x00000620       0x2c /home/mschreiber/Project/buildroot-2016.05/output/build/glibc-2.22/build/elf/rtld-libc.a(rtld-uname.os)
 .eh_frame      0x0000064c       0x28 /home/mschreiber/Project/buildroot-2016.05/output/build/glibc-2.22/build/elf/rtld-libc.a(rtld-setjmp.os)
 .eh_frame      0x00000674       0x28 /home/mschreiber/Project/buildroot-2016.05/output/build/glibc-2.22/build/elf/rtld-libc.a(rtld-__longjmp.os)
 .eh_frame      0x0000069c       0x28 /home/mschreiber/Project/buildroot-2016.05/output/build/glibc-2.22/build/elf/rtld-libc.a(rtld-strlen.os)
 .eh_frame      0x000006c4       0x28 /home/mschreiber/Project/buildroot-2016.05/output/build/glibc-2.22/build/elf/rtld-libc.a(rtld-memset.os)
 .eh_frame      0x000006ec       0x28 /home/mschreiber/Project/buildroot-2016.05/output/build/glibc-2.22/build/elf/rtld-libc.a(rtld-memcpy.os)
 .eh_frame      0x00000714       0x2c /home/mschreiber/Project/buildroot-2016.05/output/build/glibc-2.22/build/elf/rtld-libc.a(rtld-setitimer.os)

.gcc_except_table
 *(.gcc_except_table .gcc_except_table.*)

.exception_ranges
 *(.exception_ranges .exception_ranges*)

.eh_frame
 *(.eh_frame)

.gcc_except_table
 *(.gcc_except_table .gcc_except_table.*)

.exception_ranges
 *(.exception_ranges .exception_ranges*)

.tdata
 *(.tdata)

.tbss
 *(.tbss)

.preinit_array
 *(.preinit_array)

.jcr
 *(.jcr)

.dynamic
 *(.dynamic)

.data           0x00000000        0x0
 *(.data)
 .data          0x00000000        0x0 /home/mschreiber/Project/buildroot-2016.05/output/build/glibc-2.22/build/elf/dl-allobjs.os
 .data          0x00000000        0x0 /home/mschreiber/Project/buildroot-2016.05/output/build/glibc-2.22/build/elf/rtld-libc.a(rtld-check_fds.os)
 .data          0x00000000        0x0 /home/mschreiber/Project/buildroot-2016.05/output/build/glibc-2.22/build/elf/rtld-libc.a(rtld-errno.os)
 .data          0x00000000        0x0 /home/mschreiber/Project/buildroot-2016.05/output/build/glibc-2.22/build/elf/rtld-libc.a(rtld-divdi3.os)
 .data          0x00000000        0x0 /home/mschreiber/Project/buildroot-2016.05/output/build/glibc-2.22/build/elf/rtld-libc.a(rtld-closedir.os)
 .data          0x00000000        0x0 /home/mschreiber/Project/buildroot-2016.05/output/build/glibc-2.22/build/elf/rtld-libc.a(rtld-readdir.os)
 .data          0x00000000        0x0 /home/mschreiber/Project/buildroot-2016.05/output/build/glibc-2.22/build/elf/rtld-libc.a(rtld-rewinddir.os)
 .data          0x00000000        0x0 /home/mschreiber/Project/buildroot-2016.05/output/build/glibc-2.22/build/elf/rtld-libc.a(rtld-getdents.os)
 .data          0x00000000        0x0 /home/mschreiber/Project/buildroot-2016.05/output/build/glibc-2.22/build/elf/rtld-libc.a(rtld-fdopendir.os)
 .data          0x00000000        0x0 /home/mschreiber/Project/buildroot-2016.05/output/build/glibc-2.22/build/elf/rtld-libc.a(rtld-profil.os)
 .data          0x00000000        0x0 /home/mschreiber/Project/buildroot-2016.05/output/build/glibc-2.22/build/elf/rtld-libc.a(rtld-prof-freq.os)
 .data          0x00000000        0x0 /home/mschreiber/Project/buildroot-2016.05/output/build/glibc-2.22/build/elf/rtld-libc.a(rtld-xstat64.os)
 .data          0x00000000        0x0 /home/mschreiber/Project/buildroot-2016.05/output/build/glibc-2.22/build/elf/rtld-libc.a(rtld-fxstat64.os)
 .data          0x00000000        0x0 /home/mschreiber/Project/buildroot-2016.05/output/build/glibc-2.22/build/elf/rtld-libc.a(rtld-lxstat64.os)
 .data          0x00000000        0x0 /home/mschreiber/Project/buildroot-2016.05/output/build/glibc-2.22/build/elf/rtld-libc.a(rtld-open.os)
 .data          0x00000000        0x0 /home/mschreiber/Project/buildroot-2016.05/output/build/glibc-2.22/build/elf/rtld-libc.a(rtld-read.os)
 .data          0x00000000        0x0 /home/mschreiber/Project/buildroot-2016.05/output/build/glibc-2.22/build/elf/rtld-libc.a(rtld-write.os)
 .data          0x00000000        0x0 /home/mschreiber/Project/buildroot-2016.05/output/build/glibc-2.22/build/elf/rtld-libc.a(rtld-lseek.os)
 .data          0x00000000        0x0 /home/mschreiber/Project/buildroot-2016.05/output/build/glibc-2.22/build/elf/rtld-libc.a(rtld-access.os)
 .data          0x00000000        0x0 /home/mschreiber/Project/buildroot-2016.05/output/build/glibc-2.22/build/elf/rtld-libc.a(rtld-fcntl.os)
 .data          0x00000000        0x0 /home/mschreiber/Project/buildroot-2016.05/output/build/glibc-2.22/build/elf/rtld-libc.a(rtld-close.os)
 .data          0x00000000        0x0 /home/mschreiber/Project/buildroot-2016.05/output/build/glibc-2.22/build/elf/rtld-libc.a(rtld-mmap.os)
 .data          0x00000000        0x0 /home/mschreiber/Project/buildroot-2016.05/output/build/glibc-2.22/build/elf/rtld-libc.a(rtld-munmap.os)
 .data          0x00000000        0x0 /home/mschreiber/Project/buildroot-2016.05/output/build/glibc-2.22/build/elf/rtld-libc.a(rtld-mprotect.os)
 .data          0x00000000        0x0 /home/mschreiber/Project/buildroot-2016.05/output/build/glibc-2.22/build/elf/rtld-libc.a(rtld-uname.os)
 .data          0x00000000        0x0 /home/mschreiber/Project/buildroot-2016.05/output/build/glibc-2.22/build/elf/rtld-libc.a(rtld-_exit.os)
 .data          0x00000000        0x0 /home/mschreiber/Project/buildroot-2016.05/output/build/glibc-2.22/build/elf/rtld-libc.a(rtld-getpid.os)
 .data          0x00000000        0x0 /home/mschreiber/Project/buildroot-2016.05/output/build/glibc-2.22/build/elf/rtld-libc.a(rtld-environ.os)
 .data          0x00000000        0x0 /home/mschreiber/Project/buildroot-2016.05/output/build/glibc-2.22/build/elf/rtld-libc.a(rtld-setjmp.os)
 .data          0x00000000        0x0 /home/mschreiber/Project/buildroot-2016.05/output/build/glibc-2.22/build/elf/rtld-libc.a(rtld-__longjmp.os)
 .data          0x00000000        0x0 /home/mschreiber/Project/buildroot-2016.05/output/build/glibc-2.22/build/elf/rtld-libc.a(rtld-sigaction.os)
 .data          0x00000000        0x0 /home/mschreiber/Project/buildroot-2016.05/output/build/glibc-2.22/build/elf/rtld-libc.a(rtld-mp_clz_tab.os)
 .data          0x00000000        0x0 /home/mschreiber/Project/buildroot-2016.05/output/build/glibc-2.22/build/elf/rtld-libc.a(rtld-strchr.os)
 .data          0x00000000        0x0 /home/mschreiber/Project/buildroot-2016.05/output/build/glibc-2.22/build/elf/rtld-libc.a(rtld-strdup.os)
 .data          0x00000000        0x0 /home/mschreiber/Project/buildroot-2016.05/output/build/glibc-2.22/build/elf/rtld-libc.a(rtld-strlen.os)
 .data          0x00000000        0x0 /home/mschreiber/Project/buildroot-2016.05/output/build/glibc-2.22/build/elf/rtld-libc.a(rtld-strnlen.os)
 .data          0x00000000        0x0 /home/mschreiber/Project/buildroot-2016.05/output/build/glibc-2.22/build/elf/rtld-libc.a(rtld-memchr.os)
 .data          0x00000000        0x0 /home/mschreiber/Project/buildroot-2016.05/output/build/glibc-2.22/build/elf/rtld-libc.a(rtld-memcmp.os)
 .data          0x00000000        0x0 /home/mschreiber/Project/buildroot-2016.05/output/build/glibc-2.22/build/elf/rtld-libc.a(rtld-memmove.os)
 .data          0x00000000        0x0 /home/mschreiber/Project/buildroot-2016.05/output/build/glibc-2.22/build/elf/rtld-libc.a(rtld-memset.os)
 .data          0x00000000        0x0 /home/mschreiber/Project/buildroot-2016.05/output/build/glibc-2.22/build/elf/rtld-libc.a(rtld-mempcpy.os)
 .data          0x00000000        0x0 /home/mschreiber/Project/buildroot-2016.05/output/build/glibc-2.22/build/elf/rtld-libc.a(rtld-stpcpy.os)
 .data          0x00000000        0x0 /home/mschreiber/Project/buildroot-2016.05/output/build/glibc-2.22/build/elf/rtld-libc.a(rtld-memcpy.os)
 .data          0x00000000        0x0 /home/mschreiber/Project/buildroot-2016.05/output/build/glibc-2.22/build/elf/rtld-libc.a(rtld-wordcopy.os)
 .data          0x00000000        0x0 /home/mschreiber/Project/buildroot-2016.05/output/build/glibc-2.22/build/elf/rtld-libc.a(rtld-rawmemchr.os)
 .data          0x00000000        0x0 /home/mschreiber/Project/buildroot-2016.05/output/build/glibc-2.22/build/elf/rtld-libc.a(rtld-setitimer.os)
 .data          0x00000000        0x0 /home/mschreiber/Project/buildroot-2016.05/output/host/usr/lib/gcc/sh4a-buildroot-linux-gnu/4.9.3/libgcc.a(_div_table.o)
 .data          0x00000000        0x0 /home/mschreiber/Project/buildroot-2016.05/output/host/usr/lib/gcc/sh4a-buildroot-linux-gnu/4.9.3/libgcc.a(_udiv_qrnnd_16.o)

.data.rel.ro    0x00000000      0x148
 .data.rel.ro   0x00000000      0x148 /home/mschreiber/Project/buildroot-2016.05/output/build/glibc-2.22/build/elf/dl-allobjs.os
                0x00000050                _rtld_global_ro
                0x00000050                _rtld_local_ro
                0x00000108                __pointer_chk_guard_local
                0x0000010c                __stack_chk_guard
                0x00000110                _dl_skip_args
                0x00000114                __GI__dl_argv
                0x00000114                _dl_argv
                0x00000118                _dl_argc
                0x00000138                __stack_prot
                0x0000013c                _dl_random
                0x00000140                __libc_stack_end
                0x00000140                __GI___libc_stack_end
                0x00000144                __GI___libc_enable_secure
                0x00000144                __libc_enable_secure

.data1
 *(.data1)

.note.ABI-tag
 *(.note.ABI-tag)

.got
 *(.got.plt)
 *(.igot.plt)
 *(.got)
 *(.igot)

.sdata          0x00000000      0x82c
 *(.sdata)
 .sdata         0x00000000      0x82c /home/mschreiber/Project/buildroot-2016.05/output/build/glibc-2.22/build/elf/dl-allobjs.os
                0x00000000                _rtld_global
                0x00000000                _rtld_local

.sbss
 *(.dynsbss)
 *(.sbss)
 *(.scommon)

.bss            0x00000000       0x9c
 *(.dynbss)
 *(.bss)
 .bss           0x00000000       0x88 /home/mschreiber/Project/buildroot-2016.05/output/build/glibc-2.22/build/elf/dl-allobjs.os
                0x00000074                __libc_multiple_libcs
                0x00000084                __curbrk
 .bss           0x00000088        0x0 /home/mschreiber/Project/buildroot-2016.05/output/build/glibc-2.22/build/elf/rtld-libc.a(rtld-check_fds.os)
 .bss           0x00000088        0x0 /home/mschreiber/Project/buildroot-2016.05/output/build/glibc-2.22/build/elf/rtld-libc.a(rtld-errno.os)
 .bss           0x00000088        0x0 /home/mschreiber/Project/buildroot-2016.05/output/build/glibc-2.22/build/elf/rtld-libc.a(rtld-divdi3.os)
 .bss           0x00000088        0x0 /home/mschreiber/Project/buildroot-2016.05/output/build/glibc-2.22/build/elf/rtld-libc.a(rtld-closedir.os)
 .bss           0x00000088        0x0 /home/mschreiber/Project/buildroot-2016.05/output/build/glibc-2.22/build/elf/rtld-libc.a(rtld-readdir.os)
 .bss           0x00000088        0x0 /home/mschreiber/Project/buildroot-2016.05/output/build/glibc-2.22/build/elf/rtld-libc.a(rtld-rewinddir.os)
 .bss           0x00000088        0x0 /home/mschreiber/Project/buildroot-2016.05/output/build/glibc-2.22/build/elf/rtld-libc.a(rtld-getdents.os)
 .bss           0x00000088        0x0 /home/mschreiber/Project/buildroot-2016.05/output/build/glibc-2.22/build/elf/rtld-libc.a(rtld-fdopendir.os)
 .bss           0x00000088       0x10 /home/mschreiber/Project/buildroot-2016.05/output/build/glibc-2.22/build/elf/rtld-libc.a(rtld-profil.os)
 .bss           0x00000098        0x0 /home/mschreiber/Project/buildroot-2016.05/output/build/glibc-2.22/build/elf/rtld-libc.a(rtld-prof-freq.os)
 .bss           0x00000098        0x0 /home/mschreiber/Project/buildroot-2016.05/output/build/glibc-2.22/build/elf/rtld-libc.a(rtld-xstat64.os)
 .bss           0x00000098        0x0 /home/mschreiber/Project/buildroot-2016.05/output/build/glibc-2.22/build/elf/rtld-libc.a(rtld-fxstat64.os)
 .bss           0x00000098        0x0 /home/mschreiber/Project/buildroot-2016.05/output/build/glibc-2.22/build/elf/rtld-libc.a(rtld-lxstat64.os)
 .bss           0x00000098        0x0 /home/mschreiber/Project/buildroot-2016.05/output/build/glibc-2.22/build/elf/rtld-libc.a(rtld-open.os)
 .bss           0x00000098        0x0 /home/mschreiber/Project/buildroot-2016.05/output/build/glibc-2.22/build/elf/rtld-libc.a(rtld-read.os)
 .bss           0x00000098        0x0 /home/mschreiber/Project/buildroot-2016.05/output/build/glibc-2.22/build/elf/rtld-libc.a(rtld-write.os)
 .bss           0x00000098        0x0 /home/mschreiber/Project/buildroot-2016.05/output/build/glibc-2.22/build/elf/rtld-libc.a(rtld-lseek.os)
 .bss           0x00000098        0x0 /home/mschreiber/Project/buildroot-2016.05/output/build/glibc-2.22/build/elf/rtld-libc.a(rtld-access.os)
 .bss           0x00000098        0x0 /home/mschreiber/Project/buildroot-2016.05/output/build/glibc-2.22/build/elf/rtld-libc.a(rtld-fcntl.os)
 .bss           0x00000098        0x0 /home/mschreiber/Project/buildroot-2016.05/output/build/glibc-2.22/build/elf/rtld-libc.a(rtld-close.os)
 .bss           0x00000098        0x0 /home/mschreiber/Project/buildroot-2016.05/output/build/glibc-2.22/build/elf/rtld-libc.a(rtld-mmap.os)
 .bss           0x00000098        0x0 /home/mschreiber/Project/buildroot-2016.05/output/build/glibc-2.22/build/elf/rtld-libc.a(rtld-munmap.os)
 .bss           0x00000098        0x0 /home/mschreiber/Project/buildroot-2016.05/output/build/glibc-2.22/build/elf/rtld-libc.a(rtld-mprotect.os)
 .bss           0x00000098        0x0 /home/mschreiber/Project/buildroot-2016.05/output/build/glibc-2.22/build/elf/rtld-libc.a(rtld-uname.os)
 .bss           0x00000098        0x0 /home/mschreiber/Project/buildroot-2016.05/output/build/glibc-2.22/build/elf/rtld-libc.a(rtld-_exit.os)
 .bss           0x00000098        0x0 /home/mschreiber/Project/buildroot-2016.05/output/build/glibc-2.22/build/elf/rtld-libc.a(rtld-getpid.os)
 .bss           0x00000098        0x4 /home/mschreiber/Project/buildroot-2016.05/output/build/glibc-2.22/build/elf/rtld-libc.a(rtld-environ.os)
                0x00000098                _environ
                0x00000098                __environ
                0x00000098                environ
 .bss           0x0000009c        0x0 /home/mschreiber/Project/buildroot-2016.05/output/build/glibc-2.22/build/elf/rtld-libc.a(rtld-setjmp.os)
 .bss           0x0000009c        0x0 /home/mschreiber/Project/buildroot-2016.05/output/build/glibc-2.22/build/elf/rtld-libc.a(rtld-__longjmp.os)
 .bss           0x0000009c        0x0 /home/mschreiber/Project/buildroot-2016.05/output/build/glibc-2.22/build/elf/rtld-libc.a(rtld-sigaction.os)
 .bss           0x0000009c        0x0 /home/mschreiber/Project/buildroot-2016.05/output/build/glibc-2.22/build/elf/rtld-libc.a(rtld-mp_clz_tab.os)
 .bss           0x0000009c        0x0 /home/mschreiber/Project/buildroot-2016.05/output/build/glibc-2.22/build/elf/rtld-libc.a(rtld-strchr.os)
 .bss           0x0000009c        0x0 /home/mschreiber/Project/buildroot-2016.05/output/build/glibc-2.22/build/elf/rtld-libc.a(rtld-strdup.os)
 .bss           0x0000009c        0x0 /home/mschreiber/Project/buildroot-2016.05/output/build/glibc-2.22/build/elf/rtld-libc.a(rtld-strlen.os)
 .bss           0x0000009c        0x0 /home/mschreiber/Project/buildroot-2016.05/output/build/glibc-2.22/build/elf/rtld-libc.a(rtld-strnlen.os)
 .bss           0x0000009c        0x0 /home/mschreiber/Project/buildroot-2016.05/output/build/glibc-2.22/build/elf/rtld-libc.a(rtld-memchr.os)
 .bss           0x0000009c        0x0 /home/mschreiber/Project/buildroot-2016.05/output/build/glibc-2.22/build/elf/rtld-libc.a(rtld-memcmp.os)
 .bss           0x0000009c        0x0 /home/mschreiber/Project/buildroot-2016.05/output/build/glibc-2.22/build/elf/rtld-libc.a(rtld-memmove.os)
 .bss           0x0000009c        0x0 /home/mschreiber/Project/buildroot-2016.05/output/build/glibc-2.22/build/elf/rtld-libc.a(rtld-memset.os)
 .bss           0x0000009c        0x0 /home/mschreiber/Project/buildroot-2016.05/output/build/glibc-2.22/build/elf/rtld-libc.a(rtld-mempcpy.os)
 .bss           0x0000009c        0x0 /home/mschreiber/Project/buildroot-2016.05/output/build/glibc-2.22/build/elf/rtld-libc.a(rtld-stpcpy.os)
 .bss           0x0000009c        0x0 /home/mschreiber/Project/buildroot-2016.05/output/build/glibc-2.22/build/elf/rtld-libc.a(rtld-memcpy.os)
 .bss           0x0000009c        0x0 /home/mschreiber/Project/buildroot-2016.05/output/build/glibc-2.22/build/elf/rtld-libc.a(rtld-wordcopy.os)
 .bss           0x0000009c        0x0 /home/mschreiber/Project/buildroot-2016.05/output/build/glibc-2.22/build/elf/rtld-libc.a(rtld-rawmemchr.os)
 .bss           0x0000009c        0x0 /home/mschreiber/Project/buildroot-2016.05/output/build/glibc-2.22/build/elf/rtld-libc.a(rtld-setitimer.os)
 .bss           0x0000009c        0x0 /home/mschreiber/Project/buildroot-2016.05/output/host/usr/lib/gcc/sh4a-buildroot-linux-gnu/4.9.3/libgcc.a(_div_table.o)
 .bss           0x0000009c        0x0 /home/mschreiber/Project/buildroot-2016.05/output/host/usr/lib/gcc/sh4a-buildroot-linux-gnu/4.9.3/libgcc.a(_udiv_qrnnd_16.o)
 *(COMMON)
 COMMON         0x0000009c        0x0 /home/mschreiber/Project/buildroot-2016.05/output/build/glibc-2.22/build/elf/dl-allobjs.os
 COMMON         0x0000009c        0x0 /home/mschreiber/Project/buildroot-2016.05/output/build/glibc-2.22/build/elf/rtld-libc.a(rtld-errno.os)

.stab
 *(.stab)

.stabstr
 *(.stabstr)

.stab.excl
 *(.stab.excl)

.stab.exclstr
 *(.stab.exclstr)

.stab.index
 *(.stab.index)

.stab.indexstr
 *(.stab.indexstr)

.comment        0x00000000      0x9ee
 *(.comment)
 .comment       0x00000000      0x549 /home/mschreiber/Project/buildroot-2016.05/output/build/glibc-2.22/build/elf/dl-allobjs.os
 .comment       0x00000549       0x29 /home/mschreiber/Project/buildroot-2016.05/output/build/glibc-2.22/build/elf/rtld-libc.a(rtld-check_fds.os)
 .comment       0x00000572       0x29 /home/mschreiber/Project/buildroot-2016.05/output/build/glibc-2.22/build/elf/rtld-libc.a(rtld-errno.os)
 .comment       0x0000059b       0x29 /home/mschreiber/Project/buildroot-2016.05/output/build/glibc-2.22/build/elf/rtld-libc.a(rtld-divdi3.os)
 .comment       0x000005c4       0x29 /home/mschreiber/Project/buildroot-2016.05/output/build/glibc-2.22/build/elf/rtld-libc.a(rtld-closedir.os)
 .comment       0x000005ed       0x29 /home/mschreiber/Project/buildroot-2016.05/output/build/glibc-2.22/build/elf/rtld-libc.a(rtld-readdir.os)
 .comment       0x00000616       0x29 /home/mschreiber/Project/buildroot-2016.05/output/build/glibc-2.22/build/elf/rtld-libc.a(rtld-rewinddir.os)
 .comment       0x0000063f       0x29 /home/mschreiber/Project/buildroot-2016.05/output/build/glibc-2.22/build/elf/rtld-libc.a(rtld-getdents.os)
 .comment       0x00000668       0x29 /home/mschreiber/Project/buildroot-2016.05/output/build/glibc-2.22/build/elf/rtld-libc.a(rtld-fdopendir.os)
 .comment       0x00000691       0x29 /home/mschreiber/Project/buildroot-2016.05/output/build/glibc-2.22/build/elf/rtld-libc.a(rtld-profil.os)
 .comment       0x000006ba       0x29 /home/mschreiber/Project/buildroot-2016.05/output/build/glibc-2.22/build/elf/rtld-libc.a(rtld-prof-freq.os)
 .comment       0x000006e3       0x29 /home/mschreiber/Project/buildroot-2016.05/output/build/glibc-2.22/build/elf/rtld-libc.a(rtld-xstat64.os)
 .comment       0x0000070c       0x29 /home/mschreiber/Project/buildroot-2016.05/output/build/glibc-2.22/build/elf/rtld-libc.a(rtld-fxstat64.os)
 .comment       0x00000735       0x29 /home/mschreiber/Project/buildroot-2016.05/output/build/glibc-2.22/build/elf/rtld-libc.a(rtld-lxstat64.os)
 .comment       0x0000075e       0x29 /home/mschreiber/Project/buildroot-2016.05/output/build/glibc-2.22/build/elf/rtld-libc.a(rtld-fcntl.os)
 .comment       0x00000787       0x29 /home/mschreiber/Project/buildroot-2016.05/output/build/glibc-2.22/build/elf/rtld-libc.a(rtld-_exit.os)
 .comment       0x000007b0       0x29 /home/mschreiber/Project/buildroot-2016.05/output/build/glibc-2.22/build/elf/rtld-libc.a(rtld-getpid.os)
 .comment       0x000007d9       0x29 /home/mschreiber/Project/buildroot-2016.05/output/build/glibc-2.22/build/elf/rtld-libc.a(rtld-environ.os)
 .comment       0x00000802       0x29 /home/mschreiber/Project/buildroot-2016.05/output/build/glibc-2.22/build/elf/rtld-libc.a(rtld-sigaction.os)
 .comment       0x0000082b       0x29 /home/mschreiber/Project/buildroot-2016.05/output/build/glibc-2.22/build/elf/rtld-libc.a(rtld-mp_clz_tab.os)
 .comment       0x00000854       0x29 /home/mschreiber/Project/buildroot-2016.05/output/build/glibc-2.22/build/elf/rtld-libc.a(rtld-strchr.os)
 .comment       0x0000087d       0x29 /home/mschreiber/Project/buildroot-2016.05/output/build/glibc-2.22/build/elf/rtld-libc.a(rtld-strdup.os)
 .comment       0x000008a6       0x29 /home/mschreiber/Project/buildroot-2016.05/output/build/glibc-2.22/build/elf/rtld-libc.a(rtld-strnlen.os)
 .comment       0x000008cf       0x29 /home/mschreiber/Project/buildroot-2016.05/output/build/glibc-2.22/build/elf/rtld-libc.a(rtld-memchr.os)
 .comment       0x000008f8       0x29 /home/mschreiber/Project/buildroot-2016.05/output/build/glibc-2.22/build/elf/rtld-libc.a(rtld-memcmp.os)
 .comment       0x00000921       0x29 /home/mschreiber/Project/buildroot-2016.05/output/build/glibc-2.22/build/elf/rtld-libc.a(rtld-memmove.os)
 .comment       0x0000094a       0x29 /home/mschreiber/Project/buildroot-2016.05/output/build/glibc-2.22/build/elf/rtld-libc.a(rtld-mempcpy.os)
 .comment       0x00000973       0x29 /home/mschreiber/Project/buildroot-2016.05/output/build/glibc-2.22/build/elf/rtld-libc.a(rtld-stpcpy.os)
 .comment       0x0000099c       0x29 /home/mschreiber/Project/buildroot-2016.05/output/build/glibc-2.22/build/elf/rtld-libc.a(rtld-wordcopy.os)
 .comment       0x000009c5       0x29 /home/mschreiber/Project/buildroot-2016.05/output/build/glibc-2.22/build/elf/rtld-libc.a(rtld-rawmemchr.os)

.note.GNU-stack
                0x00000000        0x0
 .note.GNU-stack
                0x00000000        0x0 /home/mschreiber/Project/buildroot-2016.05/output/build/glibc-2.22/build/elf/dl-allobjs.os
 .note.GNU-stack
                0x00000000        0x0 /home/mschreiber/Project/buildroot-2016.05/output/build/glibc-2.22/build/elf/rtld-libc.a(rtld-check_fds.os)
 .note.GNU-stack
                0x00000000        0x0 /home/mschreiber/Project/buildroot-2016.05/output/build/glibc-2.22/build/elf/rtld-libc.a(rtld-errno.os)
 .note.GNU-stack
                0x00000000        0x0 /home/mschreiber/Project/buildroot-2016.05/output/build/glibc-2.22/build/elf/rtld-libc.a(rtld-divdi3.os)
 .note.GNU-stack
                0x00000000        0x0 /home/mschreiber/Project/buildroot-2016.05/output/build/glibc-2.22/build/elf/rtld-libc.a(rtld-closedir.os)
 .note.GNU-stack
                0x00000000        0x0 /home/mschreiber/Project/buildroot-2016.05/output/build/glibc-2.22/build/elf/rtld-libc.a(rtld-readdir.os)
 .note.GNU-stack
                0x00000000        0x0 /home/mschreiber/Project/buildroot-2016.05/output/build/glibc-2.22/build/elf/rtld-libc.a(rtld-rewinddir.os)
 .note.GNU-stack
                0x00000000        0x0 /home/mschreiber/Project/buildroot-2016.05/output/build/glibc-2.22/build/elf/rtld-libc.a(rtld-getdents.os)
 .note.GNU-stack
                0x00000000        0x0 /home/mschreiber/Project/buildroot-2016.05/output/build/glibc-2.22/build/elf/rtld-libc.a(rtld-fdopendir.os)
 .note.GNU-stack
                0x00000000        0x0 /home/mschreiber/Project/buildroot-2016.05/output/build/glibc-2.22/build/elf/rtld-libc.a(rtld-profil.os)
 .note.GNU-stack
                0x00000000        0x0 /home/mschreiber/Project/buildroot-2016.05/output/build/glibc-2.22/build/elf/rtld-libc.a(rtld-prof-freq.os)
 .note.GNU-stack
                0x00000000        0x0 /home/mschreiber/Project/buildroot-2016.05/output/build/glibc-2.22/build/elf/rtld-libc.a(rtld-xstat64.os)
 .note.GNU-stack
                0x00000000        0x0 /home/mschreiber/Project/buildroot-2016.05/output/build/glibc-2.22/build/elf/rtld-libc.a(rtld-fxstat64.os)
 .note.GNU-stack
                0x00000000        0x0 /home/mschreiber/Project/buildroot-2016.05/output/build/glibc-2.22/build/elf/rtld-libc.a(rtld-lxstat64.os)
 .note.GNU-stack
                0x00000000        0x0 /home/mschreiber/Project/buildroot-2016.05/output/build/glibc-2.22/build/elf/rtld-libc.a(rtld-open.os)
 .note.GNU-stack
                0x00000000        0x0 /home/mschreiber/Project/buildroot-2016.05/output/build/glibc-2.22/build/elf/rtld-libc.a(rtld-read.os)
 .note.GNU-stack
                0x00000000        0x0 /home/mschreiber/Project/buildroot-2016.05/output/build/glibc-2.22/build/elf/rtld-libc.a(rtld-write.os)
 .note.GNU-stack
                0x00000000        0x0 /home/mschreiber/Project/buildroot-2016.05/output/build/glibc-2.22/build/elf/rtld-libc.a(rtld-lseek.os)
 .note.GNU-stack
                0x00000000        0x0 /home/mschreiber/Project/buildroot-2016.05/output/build/glibc-2.22/build/elf/rtld-libc.a(rtld-access.os)
 .note.GNU-stack
                0x00000000        0x0 /home/mschreiber/Project/buildroot-2016.05/output/build/glibc-2.22/build/elf/rtld-libc.a(rtld-fcntl.os)
 .note.GNU-stack
                0x00000000        0x0 /home/mschreiber/Project/buildroot-2016.05/output/build/glibc-2.22/build/elf/rtld-libc.a(rtld-close.os)
 .note.GNU-stack
                0x00000000        0x0 /home/mschreiber/Project/buildroot-2016.05/output/build/glibc-2.22/build/elf/rtld-libc.a(rtld-mmap.os)
 .note.GNU-stack
                0x00000000        0x0 /home/mschreiber/Project/buildroot-2016.05/output/build/glibc-2.22/build/elf/rtld-libc.a(rtld-munmap.os)
 .note.GNU-stack
                0x00000000        0x0 /home/mschreiber/Project/buildroot-2016.05/output/build/glibc-2.22/build/elf/rtld-libc.a(rtld-mprotect.os)
 .note.GNU-stack
                0x00000000        0x0 /home/mschreiber/Project/buildroot-2016.05/output/build/glibc-2.22/build/elf/rtld-libc.a(rtld-uname.os)
 .note.GNU-stack
                0x00000000        0x0 /home/mschreiber/Project/buildroot-2016.05/output/build/glibc-2.22/build/elf/rtld-libc.a(rtld-_exit.os)
 .note.GNU-stack
                0x00000000        0x0 /home/mschreiber/Project/buildroot-2016.05/output/build/glibc-2.22/build/elf/rtld-libc.a(rtld-getpid.os)
 .note.GNU-stack
                0x00000000        0x0 /home/mschreiber/Project/buildroot-2016.05/output/build/glibc-2.22/build/elf/rtld-libc.a(rtld-environ.os)
 .note.GNU-stack
                0x00000000        0x0 /home/mschreiber/Project/buildroot-2016.05/output/build/glibc-2.22/build/elf/rtld-libc.a(rtld-setjmp.os)
 .note.GNU-stack
                0x00000000        0x0 /home/mschreiber/Project/buildroot-2016.05/output/build/glibc-2.22/build/elf/rtld-libc.a(rtld-__longjmp.os)
 .note.GNU-stack
                0x00000000        0x0 /home/mschreiber/Project/buildroot-2016.05/output/build/glibc-2.22/build/elf/rtld-libc.a(rtld-sigaction.os)
 .note.GNU-stack
                0x00000000        0x0 /home/mschreiber/Project/buildroot-2016.05/output/build/glibc-2.22/build/elf/rtld-libc.a(rtld-mp_clz_tab.os)
 .note.GNU-stack
                0x00000000        0x0 /home/mschreiber/Project/buildroot-2016.05/output/build/glibc-2.22/build/elf/rtld-libc.a(rtld-strchr.os)
 .note.GNU-stack
                0x00000000        0x0 /home/mschreiber/Project/buildroot-2016.05/output/build/glibc-2.22/build/elf/rtld-libc.a(rtld-strdup.os)
 .note.GNU-stack
                0x00000000        0x0 /home/mschreiber/Project/buildroot-2016.05/output/build/glibc-2.22/build/elf/rtld-libc.a(rtld-strlen.os)
 .note.GNU-stack
                0x00000000        0x0 /home/mschreiber/Project/buildroot-2016.05/output/build/glibc-2.22/build/elf/rtld-libc.a(rtld-strnlen.os)
 .note.GNU-stack
                0x00000000        0x0 /home/mschreiber/Project/buildroot-2016.05/output/build/glibc-2.22/build/elf/rtld-libc.a(rtld-memchr.os)
 .note.GNU-stack
                0x00000000        0x0 /home/mschreiber/Project/buildroot-2016.05/output/build/glibc-2.22/build/elf/rtld-libc.a(rtld-memcmp.os)
 .note.GNU-stack
                0x00000000        0x0 /home/mschreiber/Project/buildroot-2016.05/output/build/glibc-2.22/build/elf/rtld-libc.a(rtld-memmove.os)
 .note.GNU-stack
                0x00000000        0x0 /home/mschreiber/Project/buildroot-2016.05/output/build/glibc-2.22/build/elf/rtld-libc.a(rtld-memset.os)
 .note.GNU-stack
                0x00000000        0x0 /home/mschreiber/Project/buildroot-2016.05/output/build/glibc-2.22/build/elf/rtld-libc.a(rtld-mempcpy.os)
 .note.GNU-stack
                0x00000000        0x0 /home/mschreiber/Project/buildroot-2016.05/output/build/glibc-2.22/build/elf/rtld-libc.a(rtld-stpcpy.os)
 .note.GNU-stack
                0x00000000        0x0 /home/mschreiber/Project/buildroot-2016.05/output/build/glibc-2.22/build/elf/rtld-libc.a(rtld-memcpy.os)
 .note.GNU-stack
                0x00000000        0x0 /home/mschreiber/Project/buildroot-2016.05/output/build/glibc-2.22/build/elf/rtld-libc.a(rtld-wordcopy.os)
 .note.GNU-stack
                0x00000000        0x0 /home/mschreiber/Project/buildroot-2016.05/output/build/glibc-2.22/build/elf/rtld-libc.a(rtld-rawmemchr.os)
 .note.GNU-stack
                0x00000000        0x0 /home/mschreiber/Project/buildroot-2016.05/output/build/glibc-2.22/build/elf/rtld-libc.a(rtld-setitimer.os)
 .note.GNU-stack
                0x00000000        0x0 /home/mschreiber/Project/buildroot-2016.05/output/host/usr/lib/gcc/sh4a-buildroot-linux-gnu/4.9.3/libgcc.a(_div_table.o)
 .note.GNU-stack
                0x00000000        0x0 /home/mschreiber/Project/buildroot-2016.05/output/host/usr/lib/gcc/sh4a-buildroot-linux-gnu/4.9.3/libgcc.a(_udiv_qrnnd_16.o)

.debug
 *(.debug)

.line
 *(.line)

.debug_srcinfo
 *(.debug_srcinfo)

.debug_sfnames
 *(.debug_sfnames)

.debug_aranges
 *(.debug_aranges)

.debug_pubnames
 *(.debug_pubnames)

.debug_info
 *(.debug_info)

.debug_abbrev
 *(.debug_abbrev)

.debug_line
 *(.debug_line .debug_line.* .debug_line_end)

.debug_frame
 *(.debug_frame)

.debug_str
 *(.debug_str)

.debug_loc
 *(.debug_loc)

.debug_macinfo
 *(.debug_macinfo)

.debug_weaknames
 *(.debug_weaknames)

.debug_funcnames
 *(.debug_funcnames)

.debug_typenames
 *(.debug_typenames)

.debug_varnames
 *(.debug_varnames)

.debug_pubtypes
 *(.debug_pubtypes)

.debug_ranges
 *(.debug_ranges)

.debug_macro
 *(.debug_macro)

.gnu.attributes
 *(.gnu.attributes)
OUTPUT(/home/mschreiber/Project/buildroot-2016.05/output/build/glibc-2.22/build/elf/librtld.os elf32-sh-linux)
