Archive member included because of file (symbol)

libbb/lib.a(appletlib.o)      /home/mschreiber/Project/buildroot-2016.05/output/host/usr/sh4a-buildroot-linux-gnu/sysroot/usr/lib/crt1.o (main)
libbb/lib.a(compare_string_array.o)
                              libbb/lib.a(appletlib.o) (is_prefixed_with)
libbb/lib.a(concat_path_file.o)
                              libbb/lib.a(appletlib.o) (concat_path_file)
libbb/lib.a(default_error_retval.o)
                              libbb/lib.a(appletlib.o) (xfunc_error_retval)
libbb/lib.a(get_last_path_component.o)
                              libbb/lib.a(appletlib.o) (bb_basename)
libbb/lib.a(last_char_is.o)   libbb/lib.a(concat_path_file.o) (last_char_is)
libbb/lib.a(messages.o)       libbb/lib.a(appletlib.o) (bb_busybox_exec_path)
libbb/lib.a(perror_msg.o)     libbb/lib.a(appletlib.o) (bb_simple_perror_msg)
libbb/lib.a(ptr_to_globals.o)
                              libbb/lib.a(appletlib.o) (bb_errno)
libbb/lib.a(verror_msg.o)     libbb/lib.a(perror_msg.o) (bb_verror_msg)
libbb/lib.a(xfunc_die.o)      libbb/lib.a(appletlib.o) (xfunc_die)
libbb/lib.a(xfuncs.o)         libbb/lib.a(appletlib.o) (full_write2_str)
libbb/lib.a(xfuncs_printf.o)  libbb/lib.a(verror_msg.o) (fflush_all)
libbb/lib.a(xreadlink.o)      libbb/lib.a(appletlib.o) (xmalloc_readlink)
libbb/lib.a(copyfd.o)         libbb/lib.a(xfuncs_printf.o) (bb_copyfd_eof)
libbb/lib.a(full_write.o)     libbb/lib.a(verror_msg.o) (full_write)
libbb/lib.a(read.o)           libbb/lib.a(copyfd.o) (safe_read)
libbb/lib.a(safe_write.o)     libbb/lib.a(full_write.o) (safe_write)
libbb/lib.a(time.o)           libbb/lib.a(xfuncs_printf.o) (monotonic_us)
libbb/lib.a(bb_strtonum.o)    libbb/lib.a(time.o) (bb_strtol)
loginutils/lib.a(addgroup.o)  libbb/lib.a(appletlib.o) (addgroup_main)
loginutils/lib.a(adduser.o)   libbb/lib.a(appletlib.o) (adduser_main)
loginutils/lib.a(deluser.o)   libbb/lib.a(appletlib.o) (deluser_main)
loginutils/lib.a(getty.o)     libbb/lib.a(appletlib.o) (getty_main)
loginutils/lib.a(login.o)     libbb/lib.a(appletlib.o) (login_main)
loginutils/lib.a(passwd.o)    libbb/lib.a(appletlib.o) (passwd_main)
loginutils/lib.a(su.o)        libbb/lib.a(appletlib.o) (su_main)
loginutils/lib.a(sulogin.o)   libbb/lib.a(appletlib.o) (sulogin_main)
loginutils/lib.a(vlock.o)     libbb/lib.a(appletlib.o) (vlock_main)
miscutils/lib.a(chrt.o)       libbb/lib.a(appletlib.o) (chrt_main)
miscutils/lib.a(crond.o)      libbb/lib.a(appletlib.o) (crond_main)
miscutils/lib.a(crontab.o)    libbb/lib.a(appletlib.o) (crontab_main)
miscutils/lib.a(dc.o)         libbb/lib.a(appletlib.o) (dc_main)
miscutils/lib.a(devmem.o)     libbb/lib.a(appletlib.o) (devmem_main)
miscutils/lib.a(eject.o)      libbb/lib.a(appletlib.o) (eject_main)
miscutils/lib.a(hdparm.o)     libbb/lib.a(appletlib.o) (hdparm_main)
miscutils/lib.a(i2c_tools.o)  libbb/lib.a(appletlib.o) (i2cget_main)
miscutils/lib.a(last.o)       libbb/lib.a(appletlib.o) (last_main)
miscutils/lib.a(less.o)       libbb/lib.a(appletlib.o) (less_main)
miscutils/lib.a(makedevs.o)   libbb/lib.a(appletlib.o) (makedevs_main)
miscutils/lib.a(microcom.o)   libbb/lib.a(appletlib.o) (microcom_main)
miscutils/lib.a(mountpoint.o)
                              libbb/lib.a(appletlib.o) (mountpoint_main)
miscutils/lib.a(mt.o)         libbb/lib.a(appletlib.o) (mt_main)
miscutils/lib.a(runlevel.o)   libbb/lib.a(appletlib.o) (runlevel_main)
miscutils/lib.a(setserial.o)  libbb/lib.a(appletlib.o) (setserial_main)
miscutils/lib.a(setsid.o)     libbb/lib.a(appletlib.o) (setsid_main)
miscutils/lib.a(strings.o)    libbb/lib.a(appletlib.o) (strings_main)
miscutils/lib.a(time.o)       libbb/lib.a(appletlib.o) (time_main)
miscutils/lib.a(watchdog.o)   libbb/lib.a(appletlib.o) (watchdog_main)
modutils/lib.a(insmod.o)      libbb/lib.a(appletlib.o) (insmod_main)
modutils/lib.a(lsmod.o)       libbb/lib.a(appletlib.o) (lsmod_main)
modutils/lib.a(modprobe.o)    libbb/lib.a(appletlib.o) (modprobe_main)
modutils/lib.a(modutils.o)    modutils/lib.a(modprobe.o) (replace)
modutils/lib.a(rmmod.o)       libbb/lib.a(appletlib.o) (rmmod_main)
networking/lib.a(arp.o)       libbb/lib.a(appletlib.o) (arp_main)
networking/lib.a(arping.o)    libbb/lib.a(appletlib.o) (arping_main)
networking/lib.a(dnsd.o)      libbb/lib.a(appletlib.o) (dnsd_main)
networking/lib.a(ether-wake.o)
                              libbb/lib.a(appletlib.o) (ether_wake_main)
networking/lib.a(hostname.o)  libbb/lib.a(appletlib.o) (hostname_main)
networking/lib.a(ifconfig.o)  libbb/lib.a(appletlib.o) (ifconfig_main)
networking/lib.a(ifupdown.o)  libbb/lib.a(appletlib.o) (ifupdown_main)
networking/lib.a(inetd.o)     libbb/lib.a(appletlib.o) (inetd_main)
networking/lib.a(interface.o)
                              networking/lib.a(ifconfig.o) (in_ib)
networking/lib.a(ip.o)        libbb/lib.a(appletlib.o) (ipaddr_main)
networking/lib.a(nameif.o)    libbb/lib.a(appletlib.o) (nameif_main)
networking/lib.a(netstat.o)   libbb/lib.a(appletlib.o) (netstat_main)
[...]
Memory Configuration

Name             Origin             Length             Attributes
*default*        0x00000000         0xffffffff

Linker script and memory map

LOAD /home/mschreiber/Project/buildroot-2016.05/output/host/usr/sh4a-buildroot-linux-gnu/sysroot/usr/lib/crt1.o
LOAD /home/mschreiber/Project/buildroot-2016.05/output/host/usr/sh4a-buildroot-linux-gnu/sysroot/usr/lib/crti.o
LOAD /home/mschreiber/Project/buildroot-2016.05/output/host/usr/lib/gcc/sh4a-buildroot-linux-gnu/4.9.3/crtbegin.o
START GROUP
LOAD applets/built-in.o
LOAD archival/lib.a
LOAD archival/libarchive/lib.a
LOAD console-tools/lib.a
LOAD coreutils/lib.a
LOAD coreutils/libcoreutils/lib.a
LOAD debianutils/lib.a
LOAD e2fsprogs/lib.a
LOAD editors/lib.a
LOAD findutils/lib.a
LOAD init/lib.a
LOAD libbb/lib.a
LOAD libpwdgrp/lib.a
LOAD loginutils/lib.a
LOAD mailutils/lib.a
LOAD miscutils/lib.a
LOAD modutils/lib.a
LOAD networking/lib.a
LOAD networking/libiproute/lib.a
LOAD networking/udhcp/lib.a
LOAD printutils/lib.a
LOAD procps/lib.a
LOAD runit/lib.a
LOAD selinux/lib.a
LOAD shell/lib.a
LOAD sysklogd/lib.a
LOAD util-linux/lib.a
LOAD util-linux/volume_id/lib.a
LOAD archival/built-in.o
LOAD archival/libarchive/built-in.o
LOAD console-tools/built-in.o
LOAD coreutils/built-in.o
LOAD coreutils/libcoreutils/built-in.o
LOAD debianutils/built-in.o
LOAD e2fsprogs/built-in.o
LOAD editors/built-in.o
LOAD findutils/built-in.o
LOAD init/built-in.o
LOAD libbb/built-in.o
LOAD libpwdgrp/built-in.o
LOAD loginutils/built-in.o
LOAD mailutils/built-in.o
LOAD miscutils/built-in.o
LOAD modutils/built-in.o
LOAD networking/built-in.o
LOAD networking/libiproute/built-in.o
LOAD networking/udhcp/built-in.o
LOAD printutils/built-in.o
LOAD procps/built-in.o
LOAD runit/built-in.o
LOAD selinux/built-in.o
LOAD shell/built-in.o
LOAD sysklogd/built-in.o
LOAD util-linux/built-in.o
LOAD util-linux/volume_id/built-in.o
END GROUP
START GROUP
LOAD /home/mschreiber/Project/buildroot-2016.05/output/host/usr/sh4a-buildroot-linux-gnu/sysroot/usr/lib/libselinux.so
LOAD /home/mschreiber/Project/buildroot-2016.05/output/host/usr/sh4a-buildroot-linux-gnu/sysroot/usr/lib/libsepol.so
END GROUP
LOAD /home/mschreiber/Project/buildroot-2016.05/output/host/usr/lib/gcc/sh4a-buildroot-linux-gnu/4.9.3/libgcc.a
LOAD /home/mschreiber/Project/buildroot-2016.05/output/host/usr/lib/gcc/sh4a-buildroot-linux-gnu/4.9.3/libgcc_eh.a
LOAD /home/mschreiber/Project/buildroot-2016.05/output/host/usr/sh4a-buildroot-linux-gnu/sysroot/usr/lib/libc.so
START GROUP
LOAD /home/mschreiber/Project/buildroot-2016.05/output/host/usr/sh4a-buildroot-linux-gnu/sysroot/lib/libc.so.6
LOAD /home/mschreiber/Project/buildroot-2016.05/output/host/usr/sh4a-buildroot-linux-gnu/sysroot/usr/lib/libc_nonshared.a
LOAD /home/mschreiber/Project/buildroot-2016.05/output/host/usr/sh4a-buildroot-linux-gnu/sysroot/lib/ld-linux.so.2
END GROUP
LOAD /home/mschreiber/Project/buildroot-2016.05/output/host/usr/lib/gcc/sh4a-buildroot-linux-gnu/4.9.3/libgcc.a
LOAD /home/mschreiber/Project/buildroot-2016.05/output/host/usr/lib/gcc/sh4a-buildroot-linux-gnu/4.9.3/libgcc_eh.a
LOAD /home/mschreiber/Project/buildroot-2016.05/output/host/usr/lib/gcc/sh4a-buildroot-linux-gnu/4.9.3/crtend.o
LOAD /home/mschreiber/Project/buildroot-2016.05/output/host/usr/sh4a-buildroot-linux-gnu/sysroot/usr/lib/crtn.o
                0x00400000                PROVIDE (__executable_start, 0x400000)
                0x00400134                . = (0x400000 + SIZEOF_HEADERS)

.interp         0x00400134       0x13
 *(SORT(.interp))
 .interp        0x00400134       0x13 /home/mschreiber/Project/buildroot-2016.05/output/host/usr/sh4a-buildroot-linux-gnu/sysroot/usr/lib/crt1.o

.note.gnu.build-id
 *(SORT(.note.gnu.build-id))

.hash           0x00400148      0xa78
 *(SORT(.hash))
 .hash          0x00400148      0xa78 /home/mschreiber/Project/buildroot-2016.05/output/host/usr/sh4a-buildroot-linux-gnu/sysroot/usr/lib/crt1.o

.gnu.hash
 *(SORT(.gnu.hash))

.dynsym         0x00400bc0     0x1950
 *(SORT(.dynsym))
 .dynsym        0x00400bc0     0x1950 /home/mschreiber/Project/buildroot-2016.05/output/host/usr/sh4a-buildroot-linux-gnu/sysroot/usr/lib/crt1.o

.dynstr         0x00402510      0xfe9
 *(SORT(.dynstr))
 .dynstr        0x00402510      0xfe9 /home/mschreiber/Project/buildroot-2016.05/output/host/usr/sh4a-buildroot-linux-gnu/sysroot/usr/lib/crt1.o

.gnu.version    0x004034fa      0x32a
 *(SORT(.gnu.version))
 .gnu.version   0x004034fa      0x32a /home/mschreiber/Project/buildroot-2016.05/output/host/usr/sh4a-buildroot-linux-gnu/sysroot/usr/lib/crt1.o

.gnu.version_d  0x00403824        0x0
 *(SORT(.gnu.version_d))
 .gnu.version_d
                0x00000000        0x0 /home/mschreiber/Project/buildroot-2016.05/output/host/usr/sh4a-buildroot-linux-gnu/sysroot/usr/lib/crt1.o

.gnu.version_r  0x00403824       0x80
 *(SORT(.gnu.version_r))
 .gnu.version_r
                0x00403824       0x80 /home/mschreiber/Project/buildroot-2016.05/output/host/usr/sh4a-buildroot-linux-gnu/sysroot/usr/lib/crt1.o

.rela.dyn       0x004038a4       0x78
 *(SORT(.rela.init))
 *(SORT(.rela.text) SORT(.rela.text.*) SORT(.rela.gnu.linkonce.t.*))
 .rela.text     0x00000000        0x0 /home/mschreiber/Project/buildroot-2016.05/output/host/usr/sh4a-buildroot-linux-gnu/sysroot/usr/lib/crt1.o
 .rela.text.applet_name_compare
                0x00000000        0x0 /home/mschreiber/Project/buildroot-2016.05/output/host/usr/sh4a-buildroot-linux-gnu/sysroot/usr/lib/crt1.o
 .rela.text.find_applet_by_name
                0x00000000        0x0 /home/mschreiber/Project/buildroot-2016.05/output/host/usr/sh4a-buildroot-linux-gnu/sysroot/usr/lib/crt1.o
 .rela.text.bb_show_usage
                0x00000000        0x0 /home/mschreiber/Project/buildroot-2016.05/output/host/usr/sh4a-buildroot-linux-gnu/sysroot/usr/lib/crt1.o
 .rela.text.lbb_prepare
                0x00000000        0x0 /home/mschreiber/Project/buildroot-2016.05/output/host/usr/sh4a-buildroot-linux-gnu/sysroot/usr/lib/crt1.o
 .rela.text.run_applet_no_and_exit
                0x00000000        0x0 /home/mschreiber/Project/buildroot-2016.05/output/host/usr/sh4a-buildroot-linux-gnu/sysroot/usr/lib/crt1.o
 .rela.text.run_applet_and_exit
                0x00000000        0x0 /home/mschreiber/Project/buildroot-2016.05/output/host/usr/sh4a-buildroot-linux-gnu/sysroot/usr/lib/crt1.o
 .rela.text.main
                0x00000000        0x0 /home/mschreiber/Project/buildroot-2016.05/output/host/usr/sh4a-buildroot-linux-gnu/sysroot/usr/lib/crt1.o
 .rela.text.is_suffixed_with
                0x00000000        0x0 /home/mschreiber/Project/buildroot-2016.05/output/host/usr/sh4a-buildroot-linux-gnu/sysroot/usr/lib/crt1.o
 .rela.text.index_in_str_array
                0x00000000        0x0 /home/mschreiber/Project/buildroot-2016.05/output/host/usr/sh4a-buildroot-linux-gnu/sysroot/usr/lib/crt1.o
 .rela.text.index_in_strings
                0x00000000        0x0 /home/mschreiber/Project/buildroot-2016.05/output/host/usr/sh4a-buildroot-linux-gnu/sysroot/usr/lib/crt1.o
 .rela.text.index_in_substrings
                0x00000000        0x0 /home/mschreiber/Project/buildroot-2016.05/output/host/usr/sh4a-buildroot-linux-gnu/sysroot/usr/lib/crt1.o
 .rela.text.nth_string
                0x00000000        0x0 /home/mschreiber/Project/buildroot-2016.05/output/host/usr/sh4a-buildroot-linux-gnu/sysroot/usr/lib/crt1.o
 .rela.text.concat_path_file
                0x00000000        0x0 /home/mschreiber/Project/buildroot-2016.05/output/host/usr/sh4a-buildroot-linux-gnu/sysroot/usr/lib/crt1.o
 .rela.text.bb_basename
                0x00000000        0x0 /home/mschreiber/Project/buildroot-2016.05/output/host/usr/sh4a-buildroot-linux-gnu/sysroot/usr/lib/crt1.o
 .rela.text.bb_get_last_path_component_nostrip
                0x00000000        0x0 /home/mschreiber/Project/buildroot-2016.05/output/host/usr/sh4a-buildroot-linux-gnu/sysroot/usr/lib/crt1.o
 .rela.text.bb_get_last_path_component_strip
                0x00000000        0x0 /home/mschreiber/Project/buildroot-2016.05/output/host/usr/sh4a-buildroot-linux-gnu/sysroot/usr/lib/crt1.o
 .rela.text.last_char_is
                0x00000000        0x0 /home/mschreiber/Project/buildroot-2016.05/output/host/usr/sh4a-buildroot-linux-gnu/sysroot/usr/lib/crt1.o
 .rela.text.bb_perror_msg
                0x00000000        0x0 /home/mschreiber/Project/buildroot-2016.05/output/host/usr/sh4a-buildroot-linux-gnu/sysroot/usr/lib/crt1.o
 .rela.text.bb_perror_msg_and_die
                0x00000000        0x0 /home/mschreiber/Project/buildroot-2016.05/output/host/usr/sh4a-buildroot-linux-gnu/sysroot/usr/lib/crt1.o
 .rela.text.bb_verror_msg
                0x00000000        0x0 /home/mschreiber/Project/buildroot-2016.05/output/host/usr/sh4a-buildroot-linux-gnu/sysroot/usr/lib/crt1.o
 .rela.text.bb_error_msg_and_die
                0x00000000        0x0 /home/mschreiber/Project/buildroot-2016.05/output/host/usr/sh4a-buildroot-linux-gnu/sysroot/usr/lib/crt1.o
 .rela.text.bb_error_msg
                0x00000000        0x0 /home/mschreiber/Project/buildroot-2016.05/output/host/usr/sh4a-buildroot-linux-gnu/sysroot/usr/lib/crt1.o
 .rela.text.xfunc_die
                0x00000000        0x0 /home/mschreiber/Project/buildroot-2016.05/output/host/usr/sh4a-buildroot-linux-gnu/sysroot/usr/lib/crt1.o
 .rela.text.ndelay_on
                0x00000000        0x0 /home/mschreiber/Project/buildroot-2016.05/output/host/usr/sh4a-buildroot-linux-gnu/sysroot/usr/lib/crt1.o
 .rela.text.ndelay_off
                0x00000000        0x0 /home/mschreiber/Project/buildroot-2016.05/output/host/usr/sh4a-buildroot-linux-gnu/sysroot/usr/lib/crt1.o
 .rela.text.close_on_exec_on
                0x00000000        0x0 /home/mschreiber/Project/buildroot-2016.05/output/host/usr/sh4a-buildroot-linux-gnu/sysroot/usr/lib/crt1.o
 .rela.text.strncpy_IFNAMSIZ
                0x00000000        0x0 /home/mschreiber/Project/buildroot-2016.05/output/host/usr/sh4a-buildroot-linux-gnu/sysroot/usr/lib/crt1.o
 .rela.text.utoa_to_buf
                0x00000000        0x0 /home/mschreiber/Project/buildroot-2016.05/output/host/usr/sh4a-buildroot-linux-gnu/sysroot/usr/lib/crt1.o
 .rela.text.hex2bin
                0x00000000        0x0 /home/mschreiber/Project/buildroot-2016.05/output/host/usr/sh4a-buildroot-linux-gnu/sysroot/usr/lib/crt1.o
 .rela.text.bb_putchar_stderr
                0x00000000        0x0 /home/mschreiber/Project/buildroot-2016.05/output/host/usr/sh4a-buildroot-linux-gnu/sysroot/usr/lib/crt1.o
 .rela.text.full_write1_str
                0x00000000        0x0 /home/mschreiber/Project/buildroot-2016.05/output/host/usr/sh4a-buildroot-linux-gnu/sysroot/usr/lib/crt1.o
 .rela.text.full_write2_str
                0x00000000        0x0 /home/mschreiber/Project/buildroot-2016.05/output/host/usr/sh4a-buildroot-linux-gnu/sysroot/usr/lib/crt1.o
 .rela.text.get_terminal_width_height
                0x00000000        0x0 /home/mschreiber/Project/buildroot-2016.05/output/host/usr/sh4a-buildroot-linux-gnu/sysroot/usr/lib/crt1.o
 .rela.text.tcsetattr_stdin_TCSANOW
                0x00000000        0x0 /home/mschreiber/Project/buildroot-2016.05/output/host/usr/sh4a-buildroot-linux-gnu/sysroot/usr/lib/crt1.o
 .rela.text.safe_waitpid
                0x00000000        0x0 /home/mschreiber/Project/buildroot-2016.05/output/host/usr/sh4a-buildroot-linux-gnu/sysroot/usr/lib/crt1.o
 .rela.text.malloc_or_warn
                0x00000000        0x0 /home/mschreiber/Project/buildroot-2016.05/output/host/usr/sh4a-buildroot-linux-gnu/sysroot/usr/lib/crt1.o
 .rela.text.xmalloc
                0x00000000        0x0 /home/mschreiber/Project/buildroot-2016.05/output/host/usr/sh4a-buildroot-linux-gnu/sysroot/usr/lib/crt1.o
 .rela.text.xrealloc
                0x00000000        0x0 /home/mschreiber/Project/buildroot-2016.05/output/host/usr/sh4a-buildroot-linux-gnu/sysroot/usr/lib/crt1.o
 .rela.text.xzalloc
                0x00000000        0x0 /home/mschreiber/Project/buildroot-2016.05/output/host/usr/sh4a-buildroot-linux-gnu/sysroot/usr/lib/crt1.o
 .rela.text.xstrdup
                0x00000000        0x0 /home/mschreiber/Project/buildroot-2016.05/output/host/usr/sh4a-buildroot-linux-gnu/sysroot/usr/lib/crt1.o
 .rela.text.xstrndup
                0x00000000        0x0 /home/mschreiber/Project/buildroot-2016.05/output/host/usr/sh4a-buildroot-linux-gnu/sysroot/usr/lib/crt1.o
 .rela.text.xmemdup
                0x00000000        0x0 /home/mschreiber/Project/buildroot-2016.05/output/host/usr/sh4a-buildroot-linux-gnu/sysroot/usr/lib/crt1.o
 .rela.text.xfopen
                0x00000000        0x0 /home/mschreiber/Project/buildroot-2016.05/output/host/usr/sh4a-buildroot-linux-gnu/sysroot/usr/lib/crt1.o
 .rela.text.xopen3
                0x00000000        0x0 /home/mschreiber/Project/buildroot-2016.05/output/host/usr/sh4a-buildroot-linux-gnu/sysroot/usr/lib/crt1.o
 .rela.text.open3_or_warn
                0x00000000        0x0 /home/mschreiber/Project/buildroot-2016.05/output/host/usr/sh4a-buildroot-linux-gnu/sysroot/usr/lib/crt1.o
 .rela.text.xunlink
                0x00000000        0x0 /home/mschreiber/Project/buildroot-2016.05/output/host/usr/sh4a-buildroot-linux-gnu/sysroot/usr/lib/crt1.o
 .rela.text.xrename
                0x00000000        0x0 /home/mschreiber/Project/buildroot-2016.05/output/host/usr/sh4a-buildroot-linux-gnu/sysroot/usr/lib/crt1.o
 .rela.text.rename_or_warn
                0x00000000        0x0 /home/mschreiber/Project/buildroot-2016.05/output/host/usr/sh4a-buildroot-linux-gnu/sysroot/usr/lib/crt1.o
 .rela.text.xpipe
                0x00000000        0x0 /home/mschreiber/Project/buildroot-2016.05/output/host/usr/sh4a-buildroot-linux-gnu/sysroot/usr/lib/crt1.o
 .rela.text.xdup2
                0x00000000        0x0 /home/mschreiber/Project/buildroot-2016.05/output/host/usr/sh4a-buildroot-linux-gnu/sysroot/usr/lib/crt1.o
 .rela.text.xmove_fd
                0x00000000        0x0 /home/mschreiber/Project/buildroot-2016.05/output/host/usr/sh4a-buildroot-linux-gnu/sysroot/usr/lib/crt1.o
 .rela.text.xwrite
                0x00000000        0x0 /home/mschreiber/Project/buildroot-2016.05/output/host/usr/sh4a-buildroot-linux-gnu/sysroot/usr/lib/crt1.o
 .rela.text.xwrite_str
                0x00000000        0x0 /home/mschreiber/Project/buildroot-2016.05/output/host/usr/sh4a-buildroot-linux-gnu/sysroot/usr/lib/crt1.o
 .rela.text.xclose
                0x00000000        0x0 /home/mschreiber/Project/buildroot-2016.05/output/host/usr/sh4a-buildroot-linux-gnu/sysroot/usr/lib/crt1.o
 .rela.text.xlseek
                0x00000000        0x0 /home/mschreiber/Project/buildroot-2016.05/output/host/usr/sh4a-buildroot-linux-gnu/sysroot/usr/lib/crt1.o
 .rela.text.xmkstemp
                0x00000000        0x0 /home/mschreiber/Project/buildroot-2016.05/output/host/usr/sh4a-buildroot-linux-gnu/sysroot/usr/lib/crt1.o
 .rela.text.die_if_ferror
                0x00000000        0x0 /home/mschreiber/Project/buildroot-2016.05/output/host/usr/sh4a-buildroot-linux-gnu/sysroot/usr/lib/crt1.o
 .rela.text.die_if_ferror_stdout
                0x00000000        0x0 /home/mschreiber/Project/buildroot-2016.05/output/host/usr/sh4a-buildroot-linux-gnu/sysroot/usr/lib/crt1.o
 .rela.text.fflush_all
                0x00000000        0x0 /home/mschreiber/Project/buildroot-2016.05/output/host/usr/sh4a-buildroot-linux-gnu/sysroot/usr/lib/crt1.o
 .rela.text.bb_putchar
                0x00000000        0x0 /home/mschreiber/Project/buildroot-2016.05/output/host/usr/sh4a-buildroot-linux-gnu/sysroot/usr/lib/crt1.o
 .rela.text.xprint_and_close_file
                0x00000000        0x0 /home/mschreiber/Project/buildroot-2016.05/output/host/usr/sh4a-buildroot-linux-gnu/sysroot/usr/lib/crt1.o
 .rela.text.xasprintf
                0x00000000        0x0 /home/mschreiber/Project/buildroot-2016.05/output/host/usr/sh4a-buildroot-linux-gnu/sysroot/usr/lib/crt1.o
 .rela.text.xsetenv
                0x00000000        0x0 /home/mschreiber/Project/buildroot-2016.05/output/host/usr/sh4a-buildroot-linux-gnu/sysroot/usr/lib/crt1.o
 .rela.text.bb_unsetenv
                0x00000000        0x0 /home/mschreiber/Project/buildroot-2016.05/output/host/usr/sh4a-buildroot-linux-gnu/sysroot/usr/lib/crt1.o
 .rela.text.bb_unsetenv_and_free
                0x00000000        0x0 /home/mschreiber/Project/buildroot-2016.05/output/host/usr/sh4a-buildroot-linux-gnu/sysroot/usr/lib/crt1.o
 .rela.text.xsetgid
                0x00000000        0x0 /home/mschreiber/Project/buildroot-2016.05/output/host/usr/sh4a-buildroot-linux-gnu/sysroot/usr/lib/crt1.o
 .rela.text.xsetuid
                0x00000000        0x0 /home/mschreiber/Project/buildroot-2016.05/output/host/usr/sh4a-buildroot-linux-gnu/sysroot/usr/lib/crt1.o
 .rela.text.xsetegid
                0x00000000        0x0 /home/mschreiber/Project/buildroot-2016.05/output/host/usr/sh4a-buildroot-linux-gnu/sysroot/usr/lib/crt1.o
 .rela.text.xseteuid
                0x00000000        0x0 /home/mschreiber/Project/buildroot-2016.05/output/host/usr/sh4a-buildroot-linux-gnu/sysroot/usr/lib/crt1.o
 .rela.text.xopen_as_uid_gid
                0x00000000        0x0 /home/mschreiber/Project/buildroot-2016.05/output/host/usr/sh4a-buildroot-linux-gnu/sysroot/usr/lib/crt1.o
 .rela.text.xchdir
                0x00000000        0x0 /home/mschreiber/Project/buildroot-2016.05/output/host/usr/sh4a-buildroot-linux-gnu/sysroot/usr/lib/crt1.o
 .rela.text.xchroot
                0x00000000        0x0 /home/mschreiber/Project/buildroot-2016.05/output/host/usr/sh4a-buildroot-linux-gnu/sysroot/usr/lib/crt1.o
 .rela.text.warn_opendir
                0x00000000        0x0 /home/mschreiber/Project/buildroot-2016.05/output/host/usr/sh4a-buildroot-linux-gnu/sysroot/usr/lib/crt1.o
 .rela.text.xopendir
                0x00000000        0x0 /home/mschreiber/Project/buildroot-2016.05/output/host/usr/sh4a-buildroot-linux-gnu/sysroot/usr/lib/crt1.o
 .rela.text.xsocket
                0x00000000        0x0 /home/mschreiber/Project/buildroot-2016.05/output/host/usr/sh4a-buildroot-linux-gnu/sysroot/usr/lib/crt1.o
 .rela.text.xbind
                0x00000000        0x0 /home/mschreiber/Project/buildroot-2016.05/output/host/usr/sh4a-buildroot-linux-gnu/sysroot/usr/lib/crt1.o
 .rela.text.xlisten
                0x00000000        0x0 /home/mschreiber/Project/buildroot-2016.05/output/host/usr/sh4a-buildroot-linux-gnu/sysroot/usr/lib/crt1.o
 .rela.text.xsendto
                0x00000000        0x0 /home/mschreiber/Project/buildroot-2016.05/output/host/usr/sh4a-buildroot-linux-gnu/sysroot/usr/lib/crt1.o
 .rela.text.xstat
                0x00000000        0x0 /home/mschreiber/Project/buildroot-2016.05/output/host/usr/sh4a-buildroot-linux-gnu/sysroot/usr/lib/crt1.o
 .rela.text.xfstat
                0x00000000        0x0 /home/mschreiber/Project/buildroot-2016.05/output/host/usr/sh4a-buildroot-linux-gnu/sysroot/usr/lib/crt1.o
 .rela.text.selinux_or_die
                0x00000000        0x0 /home/mschreiber/Project/buildroot-2016.05/output/host/usr/sh4a-buildroot-linux-gnu/sysroot/usr/lib/crt1.o
 .rela.text.ioctl_or_perror_and_die
                0x00000000        0x0 /home/mschreiber/Project/buildroot-2016.05/output/host/usr/sh4a-buildroot-linux-gnu/sysroot/usr/lib/crt1.o
 .rela.text.ioctl_or_perror
                0x00000000        0x0 /home/mschreiber/Project/buildroot-2016.05/output/host/usr/sh4a-buildroot-linux-gnu/sysroot/usr/lib/crt1.o
 .rela.text.bb_ioctl_or_warn
                0x00000000        0x0 /home/mschreiber/Project/buildroot-2016.05/output/host/usr/sh4a-buildroot-linux-gnu/sysroot/usr/lib/crt1.o
 .rela.text.bb_xioctl
                0x00000000        0x0 /home/mschreiber/Project/buildroot-2016.05/output/host/usr/sh4a-buildroot-linux-gnu/sysroot/usr/lib/crt1.o
 .rela.text.xmalloc_ttyname
                0x00000000        0x0 /home/mschreiber/Project/buildroot-2016.05/output/host/usr/sh4a-buildroot-linux-gnu/sysroot/usr/lib/crt1.o
 .rela.text.generate_uuid
                0x00000000        0x0 /home/mschreiber/Project/buildroot-2016.05/output/host/usr/sh4a-buildroot-linux-gnu/sysroot/usr/lib/crt1.o
 .rela.text.xfork
                0x00000000        0x0 /home/mschreiber/Project/buildroot-2016.05/output/host/usr/sh4a-buildroot-linux-gnu/sysroot/usr/lib/crt1.o
 .rela.text.xmalloc_readlink
                0x00000000        0x0 /home/mschreiber/Project/buildroot-2016.05/output/host/usr/sh4a-buildroot-linux-gnu/sysroot/usr/lib/crt1.o
 .rela.text.xmalloc_follow_symlinks
                0x00000000        0x0 /home/mschreiber/Project/buildroot-2016.05/output/host/usr/sh4a-buildroot-linux-gnu/sysroot/usr/lib/crt1.o
 .rela.text.xmalloc_readlink_or_warn
                0x00000000        0x0 /home/mschreiber/Project/buildroot-2016.05/output/host/usr/sh4a-buildroot-linux-gnu/sysroot/usr/lib/crt1.o
 .rela.text.xmalloc_realpath
                0x00000000        0x0 /home/mschreiber/Project/buildroot-2016.05/output/host/usr/sh4a-buildroot-linux-gnu/sysroot/usr/lib/crt1.o
 .rela.text.bb_full_fd_action
                0x00000000        0x0 /home/mschreiber/Project/buildroot-2016.05/output/host/usr/sh4a-buildroot-linux-gnu/sysroot/usr/lib/crt1.o
 .rela.text.full_write
                0x00000000        0x0 /home/mschreiber/Project/buildroot-2016.05/output/host/usr/sh4a-buildroot-linux-gnu/sysroot/usr/lib/crt1.o
 .rela.text.safe_read
                0x00000000        0x0 /home/mschreiber/Project/buildroot-2016.05/output/host/usr/sh4a-buildroot-linux-gnu/sysroot/usr/lib/crt1.o
 .rela.text.read_close
                0x00000000        0x0 /home/mschreiber/Project/buildroot-2016.05/output/host/usr/sh4a-buildroot-linux-gnu/sysroot/usr/lib/crt1.o
 .rela.text.open_read_close
                0x00000000        0x0 /home/mschreiber/Project/buildroot-2016.05/output/host/usr/sh4a-buildroot-linux-gnu/sysroot/usr/lib/crt1.o
 .rela.text.safe_write
                0x00000000        0x0 /home/mschreiber/Project/buildroot-2016.05/output/host/usr/sh4a-buildroot-linux-gnu/sysroot/usr/lib/crt1.o
 .rela.text.get_mono
                0x00000000        0x0 /home/mschreiber/Project/buildroot-2016.05/output/host/usr/sh4a-buildroot-linux-gnu/sysroot/usr/lib/crt1.o
 .rela.text.parse_datestr
                0x00000000        0x0 /home/mschreiber/Project/buildroot-2016.05/output/host/usr/sh4a-buildroot-linux-gnu/sysroot/usr/lib/crt1.o
 .rela.text.validate_tm_time
                0x00000000        0x0 /home/mschreiber/Project/buildroot-2016.05/output/host/usr/sh4a-buildroot-linux-gnu/sysroot/usr/lib/crt1.o
 .rela.text.strftime_HHMMSS
                0x00000000        0x0 /home/mschreiber/Project/buildroot-2016.05/output/host/usr/sh4a-buildroot-linux-gnu/sysroot/usr/lib/crt1.o
 .rela.text.strftime_YYYYMMDDHHMMSS
                0x00000000        0x0 /home/mschreiber/Project/buildroot-2016.05/output/host/usr/sh4a-buildroot-linux-gnu/sysroot/usr/lib/crt1.o
 .rela.text.handle_errors.isra.0
                0x00000000        0x0 /home/mschreiber/Project/buildroot-2016.05/output/host/usr/sh4a-buildroot-linux-gnu/sysroot/usr/lib/crt1.o
 .rela.text.bb_strtoull
                0x00000000        0x0 /home/mschreiber/Project/buildroot-2016.05/output/host/usr/sh4a-buildroot-linux-gnu/sysroot/usr/lib/crt1.o
 .rela.text.bb_strtoll
                0x00000000        0x0 /home/mschreiber/Project/buildroot-2016.05/output/host/usr/sh4a-buildroot-linux-gnu/sysroot/usr/lib/crt1.o
 .rela.text.bb_strtoul
                0x00000000        0x0 /home/mschreiber/Project/buildroot-2016.05/output/host/usr/sh4a-buildroot-linux-gnu/sysroot/usr/lib/crt1.o
 .rela.text.bb_strtol
                0x00000000        0x0 /home/mschreiber/Project/buildroot-2016.05/output/host/usr/sh4a-buildroot-linux-gnu/sysroot/usr/lib/crt1.o
 .rela.text.addgroup_main
                0x00000000        0x0 /home/mschreiber/Project/buildroot-2016.05/output/host/usr/sh4a-buildroot-linux-gnu/sysroot/usr/lib/crt1.o
 .rela.text.addgroup_wrapper
                0x00000000        0x0 /home/mschreiber/Project/buildroot-2016.05/output/host/usr/sh4a-buildroot-linux-gnu/sysroot/usr/lib/crt1.o
 .rela.text.adduser_main
                0x00000000        0x0 /home/mschreiber/Project/buildroot-2016.05/output/host/usr/sh4a-buildroot-linux-gnu/sysroot/usr/lib/crt1.o
 .rela.text.deluser_main
                0x00000000        0x0 /home/mschreiber/Project/buildroot-2016.05/output/host/usr/sh4a-buildroot-linux-gnu/sysroot/usr/lib/crt1.o
 .rela.text.sleep10
                0x00000000        0x0 /home/mschreiber/Project/buildroot-2016.05/output/host/usr/sh4a-buildroot-linux-gnu/sysroot/usr/lib/crt1.o
 .rela.text.bcode
                0x00000000        0x0 /home/mschreiber/Project/buildroot-2016.05/output/host/usr/sh4a-buildroot-linux-gnu/sysroot/usr/lib/crt1.o
 .rela.text.set_tty_attrs
                0x00000000        0x0 /home/mschreiber/Project/buildroot-2016.05/output/host/usr/sh4a-buildroot-linux-gnu/sysroot/usr/lib/crt1.o
 .rela.text.finalize_tty_attrs
                0x00000000        0x0 /home/mschreiber/Project/buildroot-2016.05/output/host/usr/sh4a-buildroot-linux-gnu/sysroot/usr/lib/crt1.o
 .rela.text.alarm_handler
                0x00000000        0x0 /home/mschreiber/Project/buildroot-2016.05/output/host/usr/sh4a-buildroot-linux-gnu/sysroot/usr/lib/crt1.o
 .rela.text.getty_main
                0x00000000        0x0 /home/mschreiber/Project/buildroot-2016.05/output/host/usr/sh4a-buildroot-linux-gnu/sysroot/usr/lib/crt1.o
 .rela.text.login_main
                0x00000000        0x0 /home/mschreiber/Project/buildroot-2016.05/output/host/usr/sh4a-buildroot-linux-gnu/sysroot/usr/lib/crt1.o
 .rela.text.passwd_main
                0x00000000        0x0 /home/mschreiber/Project/buildroot-2016.05/output/host/usr/sh4a-buildroot-linux-gnu/sysroot/usr/lib/crt1.o
 .rela.text.su_main
                0x00000000        0x0 /home/mschreiber/Project/buildroot-2016.05/output/host/usr/sh4a-buildroot-linux-gnu/sysroot/usr/lib/crt1.o
 .rela.text.sulogin_main
                0x00000000        0x0 /home/mschreiber/Project/buildroot-2016.05/output/host/usr/sh4a-buildroot-linux-gnu/sysroot/usr/lib/crt1.o
 .rela.text.acquire_vt
                0x00000000        0x0 /home/mschreiber/Project/buildroot-2016.05/output/host/usr/sh4a-buildroot-linux-gnu/sysroot/usr/lib/crt1.o
 .rela.text.release_vt
                0x00000000        0x0 /home/mschreiber/Project/buildroot-2016.05/output/host/usr/sh4a-buildroot-linux-gnu/sysroot/usr/lib/crt1.o
 .rela.text.vlock_main
                0x00000000        0x0 /home/mschreiber/Project/buildroot-2016.05/output/host/usr/sh4a-buildroot-linux-gnu/sysroot/usr/lib/crt1.o
 .rela.text.show_min_max
                0x00000000        0x0 /home/mschreiber/Project/buildroot-2016.05/output/host/usr/sh4a-buildroot-linux-gnu/sysroot/usr/lib/crt1.o
 .rela.text.chrt_main
                0x00000000        0x0 /home/mschreiber/Project/buildroot-2016.05/output/host/usr/sh4a-buildroot-linux-gnu/sysroot/usr/lib/crt1.o
 .rela.text.log8
                0x00000000        0x0 /home/mschreiber/Project/buildroot-2016.05/output/host/usr/sh4a-buildroot-linux-gnu/sysroot/usr/lib/crt1.o
 .rela.text.reopen_logfile_to_stderr
                0x00000000        0x0 /home/mschreiber/Project/buildroot-2016.05/output/host/usr/sh4a-buildroot-linux-gnu/sysroot/usr/lib/crt1.o
 .rela.text.delete_cronfile
                0x00000000        0x0 /home/mschreiber/Project/buildroot-2016.05/output/host/usr/sh4a-buildroot-linux-gnu/sysroot/usr/lib/crt1.o
 .rela.text.ParseField
                0x00000000        0x0 /home/mschreiber/Project/buildroot-2016.05/output/host/usr/sh4a-buildroot-linux-gnu/sysroot/usr/lib/crt1.o
 .rela.text.log7.constprop.0
                0x00000000        0x0 /home/mschreiber/Project/buildroot-2016.05/output/host/usr/sh4a-buildroot-linux-gnu/sysroot/usr/lib/crt1.o
 .rela.text.log5
                0x00000000        0x0 /home/mschreiber/Project/buildroot-2016.05/output/host/usr/sh4a-buildroot-linux-gnu/sysroot/usr/lib/crt1.o
 .rela.text.load_crontab
                0x00000000        0x0 /home/mschreiber/Project/buildroot-2016.05/output/host/usr/sh4a-buildroot-linux-gnu/sysroot/usr/lib/crt1.o
 .rela.text.rescan_crontab_dir
                0x00000000        0x0 /home/mschreiber/Project/buildroot-2016.05/output/host/usr/sh4a-buildroot-linux-gnu/sysroot/usr/lib/crt1.o
 .rela.text.start_one_job
                0x00000000        0x0 /home/mschreiber/Project/buildroot-2016.05/output/host/usr/sh4a-buildroot-linux-gnu/sysroot/usr/lib/crt1.o
 .rela.text.crond_main
                0x00000000        0x0 /home/mschreiber/Project/buildroot-2016.05/output/host/usr/sh4a-buildroot-linux-gnu/sysroot/usr/lib/crt1.o
 .rela.text.edit_file
                0x00000000        0x0 /home/mschreiber/Project/buildroot-2016.05/output/host/usr/sh4a-buildroot-linux-gnu/sysroot/usr/lib/crt1.o
 .rela.text.crontab_main
                0x00000000        0x0 /home/mschreiber/Project/buildroot-2016.05/output/host/usr/sh4a-buildroot-linux-gnu/sysroot/usr/lib/crt1.o
 .rela.text.pop
                0x00000000        0x0 /home/mschreiber/Project/buildroot-2016.05/output/host/usr/sh4a-buildroot-linux-gnu/sysroot/usr/lib/crt1.o
 .rela.text.push
                0x00000000        0x0 /home/mschreiber/Project/buildroot-2016.05/output/host/usr/sh4a-buildroot-linux-gnu/sysroot/usr/lib/crt1.o
 .rela.text.eor
                0x00000000        0x0 /home/mschreiber/Project/buildroot-2016.05/output/host/usr/sh4a-buildroot-linux-gnu/sysroot/usr/lib/crt1.o
 .rela.text.not
                0x00000000        0x0 /home/mschreiber/Project/buildroot-2016.05/output/host/usr/sh4a-buildroot-linux-gnu/sysroot/usr/lib/crt1.o
 .rela.text.or  0x00000000        0x0 /home/mschreiber/Project/buildroot-2016.05/output/host/usr/sh4a-buildroot-linux-gnu/sysroot/usr/lib/crt1.o
 .rela.text.and
                0x00000000        0x0 /home/mschreiber/Project/buildroot-2016.05/output/host/usr/sh4a-buildroot-linux-gnu/sysroot/usr/lib/crt1.o
 .rela.text.mod
                0x00000000        0x0 /home/mschreiber/Project/buildroot-2016.05/output/host/usr/sh4a-buildroot-linux-gnu/sysroot/usr/lib/crt1.o
 .rela.text.stack_machine
                0x00000000        0x0 /home/mschreiber/Project/buildroot-2016.05/output/host/usr/sh4a-buildroot-linux-gnu/sysroot/usr/lib/crt1.o
 .rela.text.set_output_base
                0x00000000        0x0 /home/mschreiber/Project/buildroot-2016.05/output/host/usr/sh4a-buildroot-linux-gnu/sysroot/usr/lib/crt1.o
 .rela.text.print_base
                0x00000000        0x0 /home/mschreiber/Project/buildroot-2016.05/output/host/usr/sh4a-buildroot-linux-gnu/sysroot/usr/lib/crt1.o
 .rela.text.print_stack_no_pop
                0x00000000        0x0 /home/mschreiber/Project/buildroot-2016.05/output/host/usr/sh4a-buildroot-linux-gnu/sysroot/usr/lib/crt1.o
 .rela.text.print_no_pop
                0x00000000        0x0 /home/mschreiber/Project/buildroot-2016.05/output/host/usr/sh4a-buildroot-linux-gnu/sysroot/usr/lib/crt1.o
 .rela.text.dc_main
                0x00000000        0x0 /home/mschreiber/Project/buildroot-2016.05/output/host/usr/sh4a-buildroot-linux-gnu/sysroot/usr/lib/crt1.o
 .rela.text.devmem_main
                0x00000000        0x0 /home/mschreiber/Project/buildroot-2016.05/output/host/usr/sh4a-buildroot-linux-gnu/sysroot/usr/lib/crt1.o
 .rela.text.eject_main
                0x00000000        0x0 /home/mschreiber/Project/buildroot-2016.05/output/host/usr/sh4a-buildroot-linux-gnu/sysroot/usr/lib/crt1.o
 .rela.text.parse_opts
                0x00000000        0x0 /home/mschreiber/Project/buildroot-2016.05/output/host/usr/sh4a-buildroot-linux-gnu/sysroot/usr/lib/crt1.o
 .rela.text.translate_xfermode
                0x00000000        0x0 /home/mschreiber/Project/buildroot-2016.05/output/host/usr/sh4a-buildroot-linux-gnu/sysroot/usr/lib/crt1.o
 .rela.text.read_big_block
                0x00000000        0x0 /home/mschreiber/Project/buildroot-2016.05/output/host/usr/sh4a-buildroot-linux-gnu/sysroot/usr/lib/crt1.o
 .rela.text.xprint_ascii
                0x00000000        0x0 /home/mschreiber/Project/buildroot-2016.05/output/host/usr/sh4a-buildroot-linux-gnu/sysroot/usr/lib/crt1.o
 .rela.text.mode_loop
                0x00000000        0x0 /home/mschreiber/Project/buildroot-2016.05/output/host/usr/sh4a-buildroot-linux-gnu/sysroot/usr/lib/crt1.o
 .rela.text.print_flag
                0x00000000        0x0 /home/mschreiber/Project/buildroot-2016.05/output/host/usr/sh4a-buildroot-linux-gnu/sysroot/usr/lib/crt1.o
 .rela.text.print_flag_on_off
                0x00000000        0x0 /home/mschreiber/Project/buildroot-2016.05/output/host/usr/sh4a-buildroot-linux-gnu/sysroot/usr/lib/crt1.o
 .rela.text.identify
                0x00000000        0x0 /home/mschreiber/Project/buildroot-2016.05/output/host/usr/sh4a-buildroot-linux-gnu/sysroot/usr/lib/crt1.o
 .rela.text.identify_from_stdin
                0x00000000        0x0 /home/mschreiber/Project/buildroot-2016.05/output/host/usr/sh4a-buildroot-linux-gnu/sysroot/usr/lib/crt1.o
 .rela.text.dump_identity
                0x00000000        0x0 /home/mschreiber/Project/buildroot-2016.05/output/host/usr/sh4a-buildroot-linux-gnu/sysroot/usr/lib/crt1.o
 .rela.text.flush_buffer_cache
                0x00000000        0x0 /home/mschreiber/Project/buildroot-2016.05/output/host/usr/sh4a-buildroot-linux-gnu/sysroot/usr/lib/crt1.o
 .rela.text.do_time
                0x00000000        0x0 /home/mschreiber/Project/buildroot-2016.05/output/host/usr/sh4a-buildroot-linux-gnu/sysroot/usr/lib/crt1.o
 .rela.text.ioctl_alt_func.constprop.1
                0x00000000        0x0 /home/mschreiber/Project/buildroot-2016.05/output/host/usr/sh4a-buildroot-linux-gnu/sysroot/usr/lib/crt1.o
 .rela.text.print_value_on_off
                0x00000000        0x0 /home/mschreiber/Project/buildroot-2016.05/output/host/usr/sh4a-buildroot-linux-gnu/sysroot/usr/lib/crt1.o
 .rela.text.process_dev
                0x00000000        0x0 /home/mschreiber/Project/buildroot-2016.05/output/host/usr/sh4a-buildroot-linux-gnu/sysroot/usr/lib/crt1.o
 .rela.text.hdparm_main
                0x00000000        0x0 /home/mschreiber/Project/buildroot-2016.05/output/host/usr/sh4a-buildroot-linux-gnu/sysroot/usr/lib/crt1.o
 .rela.text.i2c_bus_lookup
                0x00000000        0x0 /home/mschreiber/Project/buildroot-2016.05/output/host/usr/sh4a-buildroot-linux-gnu/sysroot/usr/lib/crt1.o
 .rela.text.i2c_dev_open
                0x00000000        0x0 /home/mschreiber/Project/buildroot-2016.05/output/host/usr/sh4a-buildroot-linux-gnu/sysroot/usr/lib/crt1.o
 .rela.text.confirm_or_abort
                0x00000000        0x0 /home/mschreiber/Project/buildroot-2016.05/output/host/usr/sh4a-buildroot-linux-gnu/sysroot/usr/lib/crt1.o
 .rela.text.i2c_smbus_access
                0x00000000        0x0 /home/mschreiber/Project/buildroot-2016.05/output/host/usr/sh4a-buildroot-linux-gnu/sysroot/usr/lib/crt1.o
 .rela.text.read_block_data.constprop.1
                0x00000000        0x0 /home/mschreiber/Project/buildroot-2016.05/output/host/usr/sh4a-buildroot-linux-gnu/sysroot/usr/lib/crt1.o
 .rela.text.list_i2c_busses_and_exit
                0x00000000        0x0 /home/mschreiber/Project/buildroot-2016.05/output/host/usr/sh4a-buildroot-linux-gnu/sysroot/usr/lib/crt1.o
 .rela.text.i2cget_main
                0x00000000        0x0 /home/mschreiber/Project/buildroot-2016.05/output/host/usr/sh4a-buildroot-linux-gnu/sysroot/usr/lib/crt1.o
 .rela.text.i2cset_main
                0x00000000        0x0 /home/mschreiber/Project/buildroot-2016.05/output/host/usr/sh4a-buildroot-linux-gnu/sysroot/usr/lib/crt1.o
 .rela.text.i2cdump_main
                0x00000000        0x0 /home/mschreiber/Project/buildroot-2016.05/output/host/usr/sh4a-buildroot-linux-gnu/sysroot/usr/lib/crt1.o
 .rela.text.i2cdetect_main
                0x00000000        0x0 /home/mschreiber/Project/buildroot-2016.05/output/host/usr/sh4a-buildroot-linux-gnu/sysroot/usr/lib/crt1.o
 .rela.text.last_main
                0x00000000        0x0 /home/mschreiber/Project/buildroot-2016.05/output/host/usr/sh4a-buildroot-linux-gnu/sysroot/usr/lib/crt1.o
 .rela.text.at_end
                0x00000000        0x0 /home/mschreiber/Project/buildroot-2016.05/output/host/usr/sh4a-buildroot-linux-gnu/sysroot/usr/lib/crt1.o
 .rela.text.safe_lineno
                0x00000000        0x0 /home/mschreiber/Project/buildroot-2016.05/output/host/usr/sh4a-buildroot-linux-gnu/sysroot/usr/lib/crt1.o
 .rela.text.set_tty_cooked
                0x00000000        0x0 /home/mschreiber/Project/buildroot-2016.05/output/host/usr/sh4a-buildroot-linux-gnu/sysroot/usr/lib/crt1.o
 .rela.text.clear_line
                0x00000000        0x0 /home/mschreiber/Project/buildroot-2016.05/output/host/usr/sh4a-buildroot-linux-gnu/sysroot/usr/lib/crt1.o
 .rela.text.less_exit
                0x00000000        0x0 /home/mschreiber/Project/buildroot-2016.05/output/host/usr/sh4a-buildroot-linux-gnu/sysroot/usr/lib/crt1.o
 .rela.text.print_statusline
                0x00000000        0x0 /home/mschreiber/Project/buildroot-2016.05/output/host/usr/sh4a-buildroot-linux-gnu/sysroot/usr/lib/crt1.o
 .rela.text.fill_match_lines
                0x00000000        0x0 /home/mschreiber/Project/buildroot-2016.05/output/host/usr/sh4a-buildroot-linux-gnu/sysroot/usr/lib/crt1.o
 .rela.text.read_lines
                0x00000000        0x0 /home/mschreiber/Project/buildroot-2016.05/output/host/usr/sh4a-buildroot-linux-gnu/sysroot/usr/lib/crt1.o
 .rela.text.goto_lineno
                0x00000000        0x0 /home/mschreiber/Project/buildroot-2016.05/output/host/usr/sh4a-buildroot-linux-gnu/sysroot/usr/lib/crt1.o
 .rela.text.cap_cur_fline
                0x00000000        0x0 /home/mschreiber/Project/buildroot-2016.05/output/host/usr/sh4a-buildroot-linux-gnu/sysroot/usr/lib/crt1.o
 .rela.text.update_num_lines
                0x00000000        0x0 /home/mschreiber/Project/buildroot-2016.05/output/host/usr/sh4a-buildroot-linux-gnu/sysroot/usr/lib/crt1.o
 .rela.text.m_status_print
                0x00000000        0x0 /home/mschreiber/Project/buildroot-2016.05/output/host/usr/sh4a-buildroot-linux-gnu/sysroot/usr/lib/crt1.o
 .rela.text.status_print
                0x00000000        0x0 /home/mschreiber/Project/buildroot-2016.05/output/host/usr/sh4a-buildroot-linux-gnu/sysroot/usr/lib/crt1.o
 .rela.text.buffer_print
                0x00000000        0x0 /home/mschreiber/Project/buildroot-2016.05/output/host/usr/sh4a-buildroot-linux-gnu/sysroot/usr/lib/crt1.o
 .rela.text.buffer_fill_and_print
                0x00000000        0x0 /home/mschreiber/Project/buildroot-2016.05/output/host/usr/sh4a-buildroot-linux-gnu/sysroot/usr/lib/crt1.o
 .rela.text.reinitialize
                0x00000000        0x0 /home/mschreiber/Project/buildroot-2016.05/output/host/usr/sh4a-buildroot-linux-gnu/sysroot/usr/lib/crt1.o
 .rela.text.change_file
                0x00000000        0x0 /home/mschreiber/Project/buildroot-2016.05/output/host/usr/sh4a-buildroot-linux-gnu/sysroot/usr/lib/crt1.o
 .rela.text.buffer_down
                0x00000000        0x0 /home/mschreiber/Project/buildroot-2016.05/output/host/usr/sh4a-buildroot-linux-gnu/sysroot/usr/lib/crt1.o
 .rela.text.buffer_up
                0x00000000        0x0 /home/mschreiber/Project/buildroot-2016.05/output/host/usr/sh4a-buildroot-linux-gnu/sysroot/usr/lib/crt1.o
 .rela.text.buffer_to_line
                0x00000000        0x0 /home/mschreiber/Project/buildroot-2016.05/output/host/usr/sh4a-buildroot-linux-gnu/sysroot/usr/lib/crt1.o
 .rela.text.goto_match
                0x00000000        0x0 /home/mschreiber/Project/buildroot-2016.05/output/host/usr/sh4a-buildroot-linux-gnu/sysroot/usr/lib/crt1.o
 .rela.text.getch_nowait
                0x00000000        0x0 /home/mschreiber/Project/buildroot-2016.05/output/host/usr/sh4a-buildroot-linux-gnu/sysroot/usr/lib/crt1.o
 .rela.text.less_getch
                0x00000000        0x0 /home/mschreiber/Project/buildroot-2016.05/output/host/usr/sh4a-buildroot-linux-gnu/sysroot/usr/lib/crt1.o
 .rela.text.less_gets
                0x00000000        0x0 /home/mschreiber/Project/buildroot-2016.05/output/host/usr/sh4a-buildroot-linux-gnu/sysroot/usr/lib/crt1.o
 .rela.text.examine_file
                0x00000000        0x0 /home/mschreiber/Project/buildroot-2016.05/output/host/usr/sh4a-buildroot-linux-gnu/sysroot/usr/lib/crt1.o
 .rela.text.regex_process
                0x00000000        0x0 /home/mschreiber/Project/buildroot-2016.05/output/host/usr/sh4a-buildroot-linux-gnu/sysroot/usr/lib/crt1.o
 .rela.text.less_main
                0x00000000        0x0 /home/mschreiber/Project/buildroot-2016.05/output/host/usr/sh4a-buildroot-linux-gnu/sysroot/usr/lib/crt1.o
 .rela.text.makedevs_main
                0x00000000        0x0 /home/mschreiber/Project/buildroot-2016.05/output/host/usr/sh4a-buildroot-linux-gnu/sysroot/usr/lib/crt1.o
 .rela.text.microcom_main
                0x00000000        0x0 /home/mschreiber/Project/buildroot-2016.05/output/host/usr/sh4a-buildroot-linux-gnu/sysroot/usr/lib/crt1.o
 .rela.text.mountpoint_main
                0x00000000        0x0 /home/mschreiber/Project/buildroot-2016.05/output/host/usr/sh4a-buildroot-linux-gnu/sysroot/usr/lib/crt1.o
 .rela.text.mt_main
                0x00000000        0x0 /home/mschreiber/Project/buildroot-2016.05/output/host/usr/sh4a-buildroot-linux-gnu/sysroot/usr/lib/crt1.o
 .rela.text.runlevel_main
                0x00000000        0x0 /home/mschreiber/Project/buildroot-2016.05/output/host/usr/sh4a-buildroot-linux-gnu/sysroot/usr/lib/crt1.o
 .rela.text.index_in_strings_case_insensitive
                0x00000000        0x0 /home/mschreiber/Project/buildroot-2016.05/output/host/usr/sh4a-buildroot-linux-gnu/sysroot/usr/lib/crt1.o
 .rela.text.serial_ctl
                0x00000000        0x0 /home/mschreiber/Project/buildroot-2016.05/output/host/usr/sh4a-buildroot-linux-gnu/sysroot/usr/lib/crt1.o
 .rela.text.setserial_main
                0x00000000        0x0 /home/mschreiber/Project/buildroot-2016.05/output/host/usr/sh4a-buildroot-linux-gnu/sysroot/usr/lib/crt1.o
 .rela.text.setsid_main
                0x00000000        0x0 /home/mschreiber/Project/buildroot-2016.05/output/host/usr/sh4a-buildroot-linux-gnu/sysroot/usr/lib/crt1.o
 .rela.text.strings_main
                0x00000000        0x0 /home/mschreiber/Project/buildroot-2016.05/output/host/usr/sh4a-buildroot-linux-gnu/sysroot/usr/lib/crt1.o
 .rela.text.ptok
                0x00000000        0x0 /home/mschreiber/Project/buildroot-2016.05/output/host/usr/sh4a-buildroot-linux-gnu/sysroot/usr/lib/crt1.o
 .rela.text.run_command
                0x00000000        0x0 /home/mschreiber/Project/buildroot-2016.05/output/host/usr/sh4a-buildroot-linux-gnu/sysroot/usr/lib/crt1.o
 .rela.text.time_main
                0x00000000        0x0 /home/mschreiber/Project/buildroot-2016.05/output/host/usr/sh4a-buildroot-linux-gnu/sysroot/usr/lib/crt1.o
 .rela.text.watchdog_shutdown
                0x00000000        0x0 /home/mschreiber/Project/buildroot-2016.05/output/host/usr/sh4a-buildroot-linux-gnu/sysroot/usr/lib/crt1.o
 .rela.text.watchdog_main
                0x00000000        0x0 /home/mschreiber/Project/buildroot-2016.05/output/host/usr/sh4a-buildroot-linux-gnu/sysroot/usr/lib/crt1.o
 .rela.text.insmod_main
                0x00000000        0x0 /home/mschreiber/Project/buildroot-2016.05/output/host/usr/sh4a-buildroot-linux-gnu/sysroot/usr/lib/crt1.o
 .rela.text.lsmod_main
                0x00000000        0x0 /home/mschreiber/Project/buildroot-2016.05/output/host/usr/sh4a-buildroot-linux-gnu/sysroot/usr/lib/crt1.o
 .rela.text.read_config
                0x00000000        0x0 /home/mschreiber/Project/buildroot-2016.05/output/host/usr/sh4a-buildroot-linux-gnu/sysroot/usr/lib/crt1.o
 .rela.text.helper_get_module
                0x00000000        0x0 /home/mschreiber/Project/buildroot-2016.05/output/host/usr/sh4a-buildroot-linux-gnu/sysroot/usr/lib/crt1.o
 .rela.text.add_probe
                0x00000000        0x0 /home/mschreiber/Project/buildroot-2016.05/output/host/usr/sh4a-buildroot-linux-gnu/sysroot/usr/lib/crt1.o
 .rela.text.gather_options_str
                0x00000000        0x0 /home/mschreiber/Project/buildroot-2016.05/output/host/usr/sh4a-buildroot-linux-gnu/sysroot/usr/lib/crt1.o
 .rela.text.config_file_action
                0x00000000        0x0 /home/mschreiber/Project/buildroot-2016.05/output/host/usr/sh4a-buildroot-linux-gnu/sysroot/usr/lib/crt1.o
 .rela.text.load_modules_dep
                0x00000000        0x0 /home/mschreiber/Project/buildroot-2016.05/output/host/usr/sh4a-buildroot-linux-gnu/sysroot/usr/lib/crt1.o
 .rela.text.do_modprobe
                0x00000000        0x0 /home/mschreiber/Project/buildroot-2016.05/output/host/usr/sh4a-buildroot-linux-gnu/sysroot/usr/lib/crt1.o
 .rela.text.modprobe_main
                0x00000000        0x0 /home/mschreiber/Project/buildroot-2016.05/output/host/usr/sh4a-buildroot-linux-gnu/sysroot/usr/lib/crt1.o
 .rela.text.string_to_llist
                0x00000000        0x0 /home/mschreiber/Project/buildroot-2016.05/output/host/usr/sh4a-buildroot-linux-gnu/sysroot/usr/lib/crt1.o
 .rela.text.parse_cmdline_module_options
                0x00000000        0x0 /home/mschreiber/Project/buildroot-2016.05/output/host/usr/sh4a-buildroot-linux-gnu/sysroot/usr/lib/crt1.o
 .rela.text.bb_init_module
                0x00000000        0x0 /home/mschreiber/Project/buildroot-2016.05/output/host/usr/sh4a-buildroot-linux-gnu/sysroot/usr/lib/crt1.o
 .rela.text.bb_delete_module
                0x00000000        0x0 /home/mschreiber/Project/buildroot-2016.05/output/host/usr/sh4a-buildroot-linux-gnu/sysroot/usr/lib/crt1.o
 .rela.text.moderror
                0x00000000        0x0 /home/mschreiber/Project/buildroot-2016.05/output/host/usr/sh4a-buildroot-linux-gnu/sysroot/usr/lib/crt1.o
 .rela.text.rmmod_main
                0x00000000        0x0 /home/mschreiber/Project/buildroot-2016.05/output/host/usr/sh4a-buildroot-linux-gnu/sysroot/usr/lib/crt1.o
 .rela.text.arp_show
                0x00000000        0x0 /home/mschreiber/Project/buildroot-2016.05/output/host/usr/sh4a-buildroot-linux-gnu/sysroot/usr/lib/crt1.o
 .rela.text.arp_main
                0x00000000        0x0 /home/mschreiber/Project/buildroot-2016.05/output/host/usr/sh4a-buildroot-linux-gnu/sysroot/usr/lib/crt1.o
 .rela.text.finish
                0x00000000        0x0 /home/mschreiber/Project/buildroot-2016.05/output/host/usr/sh4a-buildroot-linux-gnu/sysroot/usr/lib/crt1.o
 .rela.text.catcher
                0x00000000        0x0 /home/mschreiber/Project/buildroot-2016.05/output/host/usr/sh4a-buildroot-linux-gnu/sysroot/usr/lib/crt1.o
 .rela.text.arping_main
                0x00000000        0x0 /home/mschreiber/Project/buildroot-2016.05/output/host/usr/sh4a-buildroot-linux-gnu/sysroot/usr/lib/crt1.o
 .rela.text.dnsd_main
                0x00000000        0x0 /home/mschreiber/Project/buildroot-2016.05/output/host/usr/sh4a-buildroot-linux-gnu/sysroot/usr/lib/crt1.o
 .rela.text.ether_wake_main
                0x00000000        0x0 /home/mschreiber/Project/buildroot-2016.05/output/host/usr/sh4a-buildroot-linux-gnu/sysroot/usr/lib/crt1.o
 .rela.text.do_sethostname
                0x00000000        0x0 /home/mschreiber/Project/buildroot-2016.05/output/host/usr/sh4a-buildroot-linux-gnu/sysroot/usr/lib/crt1.o
 .rela.text.hostname_main
                0x00000000        0x0 /home/mschreiber/Project/buildroot-2016.05/output/host/usr/sh4a-buildroot-linux-gnu/sysroot/usr/lib/crt1.o
 .rela.text.ifconfig_main
                0x00000000        0x0 /home/mschreiber/Project/buildroot-2016.05/output/host/usr/sh4a-buildroot-linux-gnu/sysroot/usr/lib/crt1.o
 .rela.text.doit
                0x00000000        0x0 /home/mschreiber/Project/buildroot-2016.05/output/host/usr/sh4a-buildroot-linux-gnu/sysroot/usr/lib/crt1.o
 .rela.text.execute_all
                0x00000000        0x0 /home/mschreiber/Project/buildroot-2016.05/output/host/usr/sh4a-buildroot-linux-gnu/sysroot/usr/lib/crt1.o
 .rela.text.setlocalenv
                0x00000000        0x0 /home/mschreiber/Project/buildroot-2016.05/output/host/usr/sh4a-buildroot-linux-gnu/sysroot/usr/lib/crt1.o
 .rela.text.set_environ
                0x00000000        0x0 /home/mschreiber/Project/buildroot-2016.05/output/host/usr/sh4a-buildroot-linux-gnu/sysroot/usr/lib/crt1.o
 .rela.text.next_word
                0x00000000        0x0 /home/mschreiber/Project/buildroot-2016.05/output/host/usr/sh4a-buildroot-linux-gnu/sysroot/usr/lib/crt1.o
 .rela.text.strncmpz
                0x00000000        0x0 /home/mschreiber/Project/buildroot-2016.05/output/host/usr/sh4a-buildroot-linux-gnu/sysroot/usr/lib/crt1.o
 .rela.text.addstr
                0x00000000        0x0 /home/mschreiber/Project/buildroot-2016.05/output/host/usr/sh4a-buildroot-linux-gnu/sysroot/usr/lib/crt1.o
 .rela.text.execute
                0x00000000        0x0 /home/mschreiber/Project/buildroot-2016.05/output/host/usr/sh4a-buildroot-linux-gnu/sysroot/usr/lib/crt1.o
 .rela.text.dhcp_down
                0x00000000        0x0 /home/mschreiber/Project/buildroot-2016.05/output/host/usr/sh4a-buildroot-linux-gnu/sysroot/usr/lib/crt1.o
 .rela.text.popen2
                0x00000000        0x0 /home/mschreiber/Project/buildroot-2016.05/output/host/usr/sh4a-buildroot-linux-gnu/sysroot/usr/lib/crt1.o
 .rela.text.read_iface_state
                0x00000000        0x0 /home/mschreiber/Project/buildroot-2016.05/output/host/usr/sh4a-buildroot-linux-gnu/sysroot/usr/lib/crt1.o
 .rela.text.read_interfaces
                0x00000000        0x0 /home/mschreiber/Project/buildroot-2016.05/output/host/usr/sh4a-buildroot-linux-gnu/sysroot/usr/lib/crt1.o
 .rela.text.ifupdown_main
                0x00000000        0x0 /home/mschreiber/Project/buildroot-2016.05/output/host/usr/sh4a-buildroot-linux-gnu/sysroot/usr/lib/crt1.o
 .rela.text.remove_fd_from_set
                0x00000000        0x0 /home/mschreiber/Project/buildroot-2016.05/output/host/usr/sh4a-buildroot-linux-gnu/sysroot/usr/lib/crt1.o
 .rela.text.init_ring
                0x00000000        0x0 /home/mschreiber/Project/buildroot-2016.05/output/host/usr/sh4a-buildroot-linux-gnu/sysroot/usr/lib/crt1.o
 .rela.text.discard_dg
                0x00000000        0x0 /home/mschreiber/Project/buildroot-2016.05/output/host/usr/sh4a-buildroot-linux-gnu/sysroot/usr/lib/crt1.o
 .rela.text.maybe_close
                0x00000000        0x0 /home/mschreiber/Project/buildroot-2016.05/output/host/usr/sh4a-buildroot-linux-gnu/sysroot/usr/lib/crt1.o
 .rela.text.free_servtab_strings
                0x00000000        0x0 /home/mschreiber/Project/buildroot-2016.05/output/host/usr/sh4a-buildroot-linux-gnu/sysroot/usr/lib/crt1.o
 .rela.text.bump_nofile
                0x00000000        0x0 /home/mschreiber/Project/buildroot-2016.05/output/host/usr/sh4a-buildroot-linux-gnu/sysroot/usr/lib/crt1.o
 .rela.text.add_fd_to_set
                0x00000000        0x0 /home/mschreiber/Project/buildroot-2016.05/output/host/usr/sh4a-buildroot-linux-gnu/sysroot/usr/lib/crt1.o
 .rela.text.clean_up_and_exit
                0x00000000        0x0 /home/mschreiber/Project/buildroot-2016.05/output/host/usr/sh4a-buildroot-linux-gnu/sysroot/usr/lib/crt1.o
 .rela.text.reap_child
                0x00000000        0x0 /home/mschreiber/Project/buildroot-2016.05/output/host/usr/sh4a-buildroot-linux-gnu/sysroot/usr/lib/crt1.o
 .rela.text.daytime_dg
                0x00000000        0x0 /home/mschreiber/Project/buildroot-2016.05/output/host/usr/sh4a-buildroot-linux-gnu/sysroot/usr/lib/crt1.o
 .rela.text.daytime_stream
                0x00000000        0x0 /home/mschreiber/Project/buildroot-2016.05/output/host/usr/sh4a-buildroot-linux-gnu/sysroot/usr/lib/crt1.o
 .rela.text.machtime_dg
                0x00000000        0x0 /home/mschreiber/Project/buildroot-2016.05/output/host/usr/sh4a-buildroot-linux-gnu/sysroot/usr/lib/crt1.o
 .rela.text.chargen_dg
                0x00000000        0x0 /home/mschreiber/Project/buildroot-2016.05/output/host/usr/sh4a-buildroot-linux-gnu/sysroot/usr/lib/crt1.o
 .rela.text.chargen_stream
                0x00000000        0x0 /home/mschreiber/Project/buildroot-2016.05/output/host/usr/sh4a-buildroot-linux-gnu/sysroot/usr/lib/crt1.o
 .rela.text.discard_stream
                0x00000000        0x0 /home/mschreiber/Project/buildroot-2016.05/output/host/usr/sh4a-buildroot-linux-gnu/sysroot/usr/lib/crt1.o
 .rela.text.echo_stream
                0x00000000        0x0 /home/mschreiber/Project/buildroot-2016.05/output/host/usr/sh4a-buildroot-linux-gnu/sysroot/usr/lib/crt1.o
 .rela.text.echo_dg
                0x00000000        0x0 /home/mschreiber/Project/buildroot-2016.05/output/host/usr/sh4a-buildroot-linux-gnu/sysroot/usr/lib/crt1.o
 .rela.text.block_CHLD_HUP_ALRM
                0x00000000        0x0 /home/mschreiber/Project/buildroot-2016.05/output/host/usr/sh4a-buildroot-linux-gnu/sysroot/usr/lib/crt1.o
 .rela.text.restore_sigmask
                0x00000000        0x0 /home/mschreiber/Project/buildroot-2016.05/output/host/usr/sh4a-buildroot-linux-gnu/sysroot/usr/lib/crt1.o
 .rela.text.rearm_alarm
                0x00000000        0x0 /home/mschreiber/Project/buildroot-2016.05/output/host/usr/sh4a-buildroot-linux-gnu/sysroot/usr/lib/crt1.o
 .rela.text.prepare_socket_fd
                0x00000000        0x0 /home/mschreiber/Project/buildroot-2016.05/output/host/usr/sh4a-buildroot-linux-gnu/sysroot/usr/lib/crt1.o
 .rela.text.retry_network_setup
                0x00000000        0x0 /home/mschreiber/Project/buildroot-2016.05/output/host/usr/sh4a-buildroot-linux-gnu/sysroot/usr/lib/crt1.o
 .rela.text.machtime_stream
                0x00000000        0x0 /home/mschreiber/Project/buildroot-2016.05/output/host/usr/sh4a-buildroot-linux-gnu/sysroot/usr/lib/crt1.o
 .rela.text.parse_one_line
                0x00000000        0x0 /home/mschreiber/Project/buildroot-2016.05/output/host/usr/sh4a-buildroot-linux-gnu/sysroot/usr/lib/crt1.o
 .rela.text.reread_config_file
                0x00000000        0x0 /home/mschreiber/Project/buildroot-2016.05/output/host/usr/sh4a-buildroot-linux-gnu/sysroot/usr/lib/crt1.o
 .rela.text.inetd_main
                0x00000000        0x0 /home/mschreiber/Project/buildroot-2016.05/output/host/usr/sh4a-buildroot-linux-gnu/sysroot/usr/lib/crt1.o
 .rela.text.UNSPEC_print
                0x00000000        0x0 /home/mschreiber/Project/buildroot-2016.05/output/host/usr/sh4a-buildroot-linux-gnu/sysroot/usr/lib/crt1.o
 .rela.text.INET6_input
                0x00000000        0x0 /home/mschreiber/Project/buildroot-2016.05/output/host/usr/sh4a-buildroot-linux-gnu/sysroot/usr/lib/crt1.o
 .rela.text.INET6_sprint
                0x00000000        0x0 /home/mschreiber/Project/buildroot-2016.05/output/host/usr/sh4a-buildroot-linux-gnu/sysroot/usr/lib/crt1.o
 .rela.text.INET_input
                0x00000000        0x0 /home/mschreiber/Project/buildroot-2016.05/output/host/usr/sh4a-buildroot-linux-gnu/sysroot/usr/lib/crt1.o
 .rela.text.INET_sprint
                0x00000000        0x0 /home/mschreiber/Project/buildroot-2016.05/output/host/usr/sh4a-buildroot-linux-gnu/sysroot/usr/lib/crt1.o
 .rela.text.ether_print
                0x00000000        0x0 /home/mschreiber/Project/buildroot-2016.05/output/host/usr/sh4a-buildroot-linux-gnu/sysroot/usr/lib/crt1.o
 .rela.text.add_interface
                0x00000000        0x0 /home/mschreiber/Project/buildroot-2016.05/output/host/usr/sh4a-buildroot-linux-gnu/sysroot/usr/lib/crt1.o
 .rela.text.if_readconf
                0x00000000        0x0 /home/mschreiber/Project/buildroot-2016.05/output/host/usr/sh4a-buildroot-linux-gnu/sysroot/usr/lib/crt1.o
 .rela.text.if_readlist_proc
                0x00000000        0x0 /home/mschreiber/Project/buildroot-2016.05/output/host/usr/sh4a-buildroot-linux-gnu/sysroot/usr/lib/crt1.o
 .rela.text.do_if_fetch
                0x00000000        0x0 /home/mschreiber/Project/buildroot-2016.05/output/host/usr/sh4a-buildroot-linux-gnu/sysroot/usr/lib/crt1.o
 .rela.text.print_bytes_scaled
                0x00000000        0x0 /home/mschreiber/Project/buildroot-2016.05/output/host/usr/sh4a-buildroot-linux-gnu/sysroot/usr/lib/crt1.o
 .rela.text.get_aftype
                0x00000000        0x0 /home/mschreiber/Project/buildroot-2016.05/output/host/usr/sh4a-buildroot-linux-gnu/sysroot/usr/lib/crt1.o
 .rela.text.get_hwtype
                0x00000000        0x0 /home/mschreiber/Project/buildroot-2016.05/output/host/usr/sh4a-buildroot-linux-gnu/sysroot/usr/lib/crt1.o
 .rela.text.ife_print
                0x00000000        0x0 /home/mschreiber/Project/buildroot-2016.05/output/host/usr/sh4a-buildroot-linux-gnu/sysroot/usr/lib/crt1.o
 .rela.text.display_interfaces
                0x00000000        0x0 /home/mschreiber/Project/buildroot-2016.05/output/host/usr/sh4a-buildroot-linux-gnu/sysroot/usr/lib/crt1.o
 .rela.text.ip_do
                0x00000000        0x0 /home/mschreiber/Project/buildroot-2016.05/output/host/usr/sh4a-buildroot-linux-gnu/sysroot/usr/lib/crt1.o
 .rela.text.ipaddr_main
                0x00000000        0x0 /home/mschreiber/Project/buildroot-2016.05/output/host/usr/sh4a-buildroot-linux-gnu/sysroot/usr/lib/crt1.o
 .rela.text.iplink_main
                0x00000000        0x0 /home/mschreiber/Project/buildroot-2016.05/output/host/usr/sh4a-buildroot-linux-gnu/sysroot/usr/lib/crt1.o
 .rela.text.iproute_main
                0x00000000        0x0 /home/mschreiber/Project/buildroot-2016.05/output/host/usr/sh4a-buildroot-linux-gnu/sysroot/usr/lib/crt1.o
 .rela.text.iprule_main
                0x00000000        0x0 /home/mschreiber/Project/buildroot-2016.05/output/host/usr/sh4a-buildroot-linux-gnu/sysroot/usr/lib/crt1.o
 .rela.text.iptunnel_main
                0x00000000        0x0 /home/mschreiber/Project/buildroot-2016.05/output/host/usr/sh4a-buildroot-linux-gnu/sysroot/usr/lib/crt1.o
 .rela.text.ip_main
                0x00000000        0x0 /home/mschreiber/Project/buildroot-2016.05/output/host/usr/sh4a-buildroot-linux-gnu/sysroot/usr/lib/crt1.o
 .rela.text.prepend_new_eth_table
                0x00000000        0x0 /home/mschreiber/Project/buildroot-2016.05/output/host/usr/sh4a-buildroot-linux-gnu/sysroot/usr/lib/crt1.o
 .rela.text.nameif_main
                0x00000000        0x0 /home/mschreiber/Project/buildroot-2016.05/output/host/usr/sh4a-buildroot-linux-gnu/sysroot/usr/lib/crt1.o
 .rela.text.unix_do_one
                0x00000000        0x0 /home/mschreiber/Project/buildroot-2016.05/output/host/usr/sh4a-buildroot-linux-gnu/sysroot/usr/lib/crt1.o
 .rela.text.build_ipv6_addr
                0x00000000        0x0 /home/mschreiber/Project/buildroot-2016.05/output/host/usr/sh4a-buildroot-linux-gnu/sysroot/usr/lib/crt1.o
 .rela.text.ip_port_str
                0x00000000        0x0 /home/mschreiber/Project/buildroot-2016.05/output/host/usr/sh4a-buildroot-linux-gnu/sysroot/usr/lib/crt1.o
 .rela.text.print_inet_line
                0x00000000        0x0 /home/mschreiber/Project/buildroot-2016.05/output/host/usr/sh4a-buildroot-linux-gnu/sysroot/usr/lib/crt1.o
 .rela.text.do_info
                0x00000000        0x0 /home/mschreiber/Project/buildroot-2016.05/output/host/usr/sh4a-buildroot-linux-gnu/sysroot/usr/lib/crt1.o
 .rela.text.scan_inet_proc_line
                0x00000000        0x0 /home/mschreiber/Project/buildroot-2016.05/output/host/usr/sh4a-buildroot-linux-gnu/sysroot/usr/lib/crt1.o
 .rela.text.udp_do_one
                0x00000000        0x0 /home/mschreiber/Project/buildroot-2016.05/output/host/usr/sh4a-buildroot-linux-gnu/sysroot/usr/lib/crt1.o
 .rela.text.tcp_do_one
                0x00000000        0x0 /home/mschreiber/Project/buildroot-2016.05/output/host/usr/sh4a-buildroot-linux-gnu/sysroot/usr/lib/crt1.o
 .rela.text.netstat_main
                0x00000000        0x0 /home/mschreiber/Project/buildroot-2016.05/output/host/usr/sh4a-buildroot-linux-gnu/sysroot/usr/lib/crt1.o
 .rela.text.set_default_dns
                0x00000000        0x0 /home/mschreiber/Project/buildroot-2016.05/output/host/usr/sh4a-buildroot-linux-gnu/sysroot/usr/lib/crt1.o
 .rela.text.print_host
                0x00000000        0x0 /home/mschreiber/Project/buildroot-2016.05/output/host/usr/sh4a-buildroot-linux-gnu/sysroot/usr/lib/crt1.o
 .rela.text.nslookup_main
                0x00000000        0x0 /home/mschreiber/Project/buildroot-2016.05/output/host/usr/sh4a-buildroot-linux-gnu/sysroot/usr/lib/crt1.o
 .rela.text.print_stats_and_exit
                0x00000000        0x0 /home/mschreiber/Project/buildroot-2016.05/output/host/usr/sh4a-buildroot-linux-gnu/sysroot/usr/lib/crt1.o
 .rela.text.sendping4
                0x00000000        0x0 /home/mschreiber/Project/buildroot-2016.05/output/host/usr/sh4a-buildroot-linux-gnu/sysroot/usr/lib/crt1.o
 .rela.text.ping_main
                0x00000000        0x0 /home/mschreiber/Project/buildroot-2016.05/output/host/usr/sh4a-buildroot-linux-gnu/sysroot/usr/lib/crt1.o
 .rela.text.kw_lookup
                0x00000000        0x0 /home/mschreiber/Project/buildroot-2016.05/output/host/usr/sh4a-buildroot-linux-gnu/sysroot/usr/lib/crt1.o
 .rela.text.INET6_displayroutes
                0x00000000        0x0 /home/mschreiber/Project/buildroot-2016.05/output/host/usr/sh4a-buildroot-linux-gnu/sysroot/usr/lib/crt1.o
 .rela.text.INET6_setroute
                0x00000000        0x0 /home/mschreiber/Project/buildroot-2016.05/output/host/usr/sh4a-buildroot-linux-gnu/sysroot/usr/lib/crt1.o
 .rela.text.INET_setroute
                0x00000000        0x0 /home/mschreiber/Project/buildroot-2016.05/output/host/usr/sh4a-buildroot-linux-gnu/sysroot/usr/lib/crt1.o
 .rela.text.bb_displayroutes
                0x00000000        0x0 /home/mschreiber/Project/buildroot-2016.05/output/host/usr/sh4a-buildroot-linux-gnu/sysroot/usr/lib/crt1.o
 .rela.text.route_main
                0x00000000        0x0 /home/mschreiber/Project/buildroot-2016.05/output/host/usr/sh4a-buildroot-linux-gnu/sysroot/usr/lib/crt1.o
 .rela.text.put_iac
                0x00000000        0x0 /home/mschreiber/Project/buildroot-2016.05/output/host/usr/sh4a-buildroot-linux-gnu/sysroot/usr/lib/crt1.o
 .rela.text.iac_flush
                0x00000000        0x0 /home/mschreiber/Project/buildroot-2016.05/output/host/usr/sh4a-buildroot-linux-gnu/sysroot/usr/lib/crt1.o
 .rela.text.put_iac2
                0x00000000        0x0 /home/mschreiber/Project/buildroot-2016.05/output/host/usr/sh4a-buildroot-linux-gnu/sysroot/usr/lib/crt1.o
 .rela.text.rawmode
                0x00000000        0x0 /home/mschreiber/Project/buildroot-2016.05/output/host/usr/sh4a-buildroot-linux-gnu/sysroot/usr/lib/crt1.o
 .rela.text.cookmode
                0x00000000        0x0 /home/mschreiber/Project/buildroot-2016.05/output/host/usr/sh4a-buildroot-linux-gnu/sysroot/usr/lib/crt1.o
 .rela.text.setConMode
                0x00000000        0x0 /home/mschreiber/Project/buildroot-2016.05/output/host/usr/sh4a-buildroot-linux-gnu/sysroot/usr/lib/crt1.o
 .rela.text.con_escape
                0x00000000        0x0 /home/mschreiber/Project/buildroot-2016.05/output/host/usr/sh4a-buildroot-linux-gnu/sysroot/usr/lib/crt1.o
 .rela.text.handle_net_output
                0x00000000        0x0 /home/mschreiber/Project/buildroot-2016.05/output/host/usr/sh4a-buildroot-linux-gnu/sysroot/usr/lib/crt1.o
 .rela.text.telnet_main
                0x00000000        0x0 /home/mschreiber/Project/buildroot-2016.05/output/host/usr/sh4a-buildroot-linux-gnu/sysroot/usr/lib/crt1.o
 .rela.text.tftp_blksize_check
                0x00000000        0x0 /home/mschreiber/Project/buildroot-2016.05/output/host/usr/sh4a-buildroot-linux-gnu/sysroot/usr/lib/crt1.o
 .rela.text.tftp_main
                0x00000000        0x0 /home/mschreiber/Project/buildroot-2016.05/output/host/usr/sh4a-buildroot-linux-gnu/sysroot/usr/lib/crt1.o
 .rela.text.traceroute_main
                0x00000000        0x0 /home/mschreiber/Project/buildroot-2016.05/output/host/usr/sh4a-buildroot-linux-gnu/sysroot/usr/lib/crt1.o
 .rela.text.xfind_str
                0x00000000        0x0 /home/mschreiber/Project/buildroot-2016.05/output/host/usr/sh4a-buildroot-linux-gnu/sysroot/usr/lib/crt1.o
 .rela.text.vconfig_main
                0x00000000        0x0 /home/mschreiber/Project/buildroot-2016.05/output/host/usr/sh4a-buildroot-linux-gnu/sysroot/usr/lib/crt1.o
 .rela.text.spawn_https_helper_openssl
                0x00000000        0x0 /home/mschreiber/Project/buildroot-2016.05/output/host/usr/sh4a-buildroot-linux-gnu/sysroot/usr/lib/crt1.o
 .rela.text.open_socket
                0x00000000        0x0 /home/mschreiber/Project/buildroot-2016.05/output/host/usr/sh4a-buildroot-linux-gnu/sysroot/usr/lib/crt1.o
 .rela.text.base64enc
                0x00000000        0x0 /home/mschreiber/Project/buildroot-2016.05/output/host/usr/sh4a-buildroot-linux-gnu/sysroot/usr/lib/crt1.o
 .rela.text.fgets_and_trim
                0x00000000        0x0 /home/mschreiber/Project/buildroot-2016.05/output/host/usr/sh4a-buildroot-linux-gnu/sysroot/usr/lib/crt1.o
 .rela.text.reset_beg_range_to_zero
                0x00000000        0x0 /home/mschreiber/Project/buildroot-2016.05/output/host/usr/sh4a-buildroot-linux-gnu/sysroot/usr/lib/crt1.o
 .rela.text.parse_url
                0x00000000        0x0 /home/mschreiber/Project/buildroot-2016.05/output/host/usr/sh4a-buildroot-linux-gnu/sysroot/usr/lib/crt1.o
 .rela.text.gethdr
                0x00000000        0x0 /home/mschreiber/Project/buildroot-2016.05/output/host/usr/sh4a-buildroot-linux-gnu/sysroot/usr/lib/crt1.o
 .rela.text.progress_meter
                0x00000000        0x0 /home/mschreiber/Project/buildroot-2016.05/output/host/usr/sh4a-buildroot-linux-gnu/sysroot/usr/lib/crt1.o
 .rela.text.retrieve_file_data
                0x00000000        0x0 /home/mschreiber/Project/buildroot-2016.05/output/host/usr/sh4a-buildroot-linux-gnu/sysroot/usr/lib/crt1.o
 .rela.text.ftpcmd
                0x00000000        0x0 /home/mschreiber/Project/buildroot-2016.05/output/host/usr/sh4a-buildroot-linux-gnu/sysroot/usr/lib/crt1.o
 .rela.text.wget_main
                0x00000000        0x0 /home/mschreiber/Project/buildroot-2016.05/output/host/usr/sh4a-buildroot-linux-gnu/sysroot/usr/lib/crt1.o
 .rela.text.ip_parse_common_args
                0x00000000        0x0 /home/mschreiber/Project/buildroot-2016.05/output/host/usr/sh4a-buildroot-linux-gnu/sysroot/usr/lib/crt1.o
 .rela.text.store_nlmsg
                0x00000000        0x0 /home/mschreiber/Project/buildroot-2016.05/output/host/usr/sh4a-buildroot-linux-gnu/sysroot/usr/lib/crt1.o
 .rela.text.flush_update
                0x00000000        0x0 /home/mschreiber/Project/buildroot-2016.05/output/host/usr/sh4a-buildroot-linux-gnu/sysroot/usr/lib/crt1.o
 .rela.text.print_addrinfo
                0x00000000        0x0 /home/mschreiber/Project/buildroot-2016.05/output/host/usr/sh4a-buildroot-linux-gnu/sysroot/usr/lib/crt1.o
 .rela.text.print_linkinfo
                0x00000000        0x0 /home/mschreiber/Project/buildroot-2016.05/output/host/usr/sh4a-buildroot-linux-gnu/sysroot/usr/lib/crt1.o
 .rela.text.ipaddr_modify
                0x00000000        0x0 /home/mschreiber/Project/buildroot-2016.05/output/host/usr/sh4a-buildroot-linux-gnu/sysroot/usr/lib/crt1.o
 .rela.text.ipaddr_list_or_flush
                0x00000000        0x0 /home/mschreiber/Project/buildroot-2016.05/output/host/usr/sh4a-buildroot-linux-gnu/sysroot/usr/lib/crt1.o
 .rela.text.do_ipaddr
                0x00000000        0x0 /home/mschreiber/Project/buildroot-2016.05/output/host/usr/sh4a-buildroot-linux-gnu/sysroot/usr/lib/crt1.o
 .rela.text.get_ctl_fd
                0x00000000        0x0 /home/mschreiber/Project/buildroot-2016.05/output/host/usr/sh4a-buildroot-linux-gnu/sysroot/usr/lib/crt1.o
 .rela.text.do_add_or_delete
                0x00000000        0x0 /home/mschreiber/Project/buildroot-2016.05/output/host/usr/sh4a-buildroot-linux-gnu/sysroot/usr/lib/crt1.o
 .rela.text.do_iplink
                0x00000000        0x0 /home/mschreiber/Project/buildroot-2016.05/output/host/usr/sh4a-buildroot-linux-gnu/sysroot/usr/lib/crt1.o
 .rela.text.iproute_reset_filter
                0x00000000        0x0 /home/mschreiber/Project/buildroot-2016.05/output/host/usr/sh4a-buildroot-linux-gnu/sysroot/usr/lib/crt1.o
 .rela.text.print_route
                0x00000000        0x0 /home/mschreiber/Project/buildroot-2016.05/output/host/usr/sh4a-buildroot-linux-gnu/sysroot/usr/lib/crt1.o
 .rela.text.iproute_get
                0x00000000        0x0 /home/mschreiber/Project/buildroot-2016.05/output/host/usr/sh4a-buildroot-linux-gnu/sysroot/usr/lib/crt1.o
 .rela.text.iproute_list_or_flush
                0x00000000        0x0 /home/mschreiber/Project/buildroot-2016.05/output/host/usr/sh4a-buildroot-linux-gnu/sysroot/usr/lib/crt1.o
 .rela.text.iproute_modify
                0x00000000        0x0 /home/mschreiber/Project/buildroot-2016.05/output/host/usr/sh4a-buildroot-linux-gnu/sysroot/usr/lib/crt1.o
 .rela.text.iprule_modify
                0x00000000        0x0 /home/mschreiber/Project/buildroot-2016.05/output/host/usr/sh4a-buildroot-linux-gnu/sysroot/usr/lib/crt1.o
 .rela.text.print_rule
                0x00000000        0x0 /home/mschreiber/Project/buildroot-2016.05/output/host/usr/sh4a-buildroot-linux-gnu/sysroot/usr/lib/crt1.o
 .rela.text.do_iprule
                0x00000000        0x0 /home/mschreiber/Project/buildroot-2016.05/output/host/usr/sh4a-buildroot-linux-gnu/sysroot/usr/lib/crt1.o
 .rela.text.do_get_ioctl
                0x00000000        0x0 /home/mschreiber/Project/buildroot-2016.05/output/host/usr/sh4a-buildroot-linux-gnu/sysroot/usr/lib/crt1.o
 .rela.text.do_add_ioctl
                0x00000000        0x0 /home/mschreiber/Project/buildroot-2016.05/output/host/usr/sh4a-buildroot-linux-gnu/sysroot/usr/lib/crt1.o
 .rela.text.do_del_ioctl
                0x00000000        0x0 /home/mschreiber/Project/buildroot-2016.05/output/host/usr/sh4a-buildroot-linux-gnu/sysroot/usr/lib/crt1.o
 .rela.text.parse_args
                0x00000000        0x0 /home/mschreiber/Project/buildroot-2016.05/output/host/usr/sh4a-buildroot-linux-gnu/sysroot/usr/lib/crt1.o
 .rela.text.print_tunnel
                0x00000000        0x0 /home/mschreiber/Project/buildroot-2016.05/output/host/usr/sh4a-buildroot-linux-gnu/sysroot/usr/lib/crt1.o
 .rela.text.do_tunnels_list
                0x00000000        0x0 /home/mschreiber/Project/buildroot-2016.05/output/host/usr/sh4a-buildroot-linux-gnu/sysroot/usr/lib/crt1.o
 .rela.text.do_iptunnel
                0x00000000        0x0 /home/mschreiber/Project/buildroot-2016.05/output/host/usr/sh4a-buildroot-linux-gnu/sysroot/usr/lib/crt1.o
 .rela.text.xrtnl_open
                0x00000000        0x0 /home/mschreiber/Project/buildroot-2016.05/output/host/usr/sh4a-buildroot-linux-gnu/sysroot/usr/lib/crt1.o
 .rela.text.rtnl_dump_request
                0x00000000        0x0 /home/mschreiber/Project/buildroot-2016.05/output/host/usr/sh4a-buildroot-linux-gnu/sysroot/usr/lib/crt1.o
 .rela.text.xrtnl_dump_filter
                0x00000000        0x0 /home/mschreiber/Project/buildroot-2016.05/output/host/usr/sh4a-buildroot-linux-gnu/sysroot/usr/lib/crt1.o
 .rela.text.rtnl_talk
                0x00000000        0x0 /home/mschreiber/Project/buildroot-2016.05/output/host/usr/sh4a-buildroot-linux-gnu/sysroot/usr/lib/crt1.o
 .rela.text.addattr32
                0x00000000        0x0 /home/mschreiber/Project/buildroot-2016.05/output/host/usr/sh4a-buildroot-linux-gnu/sysroot/usr/lib/crt1.o
 .rela.text.addattr_l
                0x00000000        0x0 /home/mschreiber/Project/buildroot-2016.05/output/host/usr/sh4a-buildroot-linux-gnu/sysroot/usr/lib/crt1.o
 .rela.text.rta_addattr32
                0x00000000        0x0 /home/mschreiber/Project/buildroot-2016.05/output/host/usr/sh4a-buildroot-linux-gnu/sysroot/usr/lib/crt1.o
 .rela.text.rta_addattr_l
                0x00000000        0x0 /home/mschreiber/Project/buildroot-2016.05/output/host/usr/sh4a-buildroot-linux-gnu/sysroot/usr/lib/crt1.o
 .rela.text.ll_addr_n2a
                0x00000000        0x0 /home/mschreiber/Project/buildroot-2016.05/output/host/usr/sh4a-buildroot-linux-gnu/sysroot/usr/lib/crt1.o
 .rela.text.ll_addr_a2n
                0x00000000        0x0 /home/mschreiber/Project/buildroot-2016.05/output/host/usr/sh4a-buildroot-linux-gnu/sysroot/usr/lib/crt1.o
 .rela.text.ll_remember_index
                0x00000000        0x0 /home/mschreiber/Project/buildroot-2016.05/output/host/usr/sh4a-buildroot-linux-gnu/sysroot/usr/lib/crt1.o
 .rela.text.ll_index_to_name
                0x00000000        0x0 /home/mschreiber/Project/buildroot-2016.05/output/host/usr/sh4a-buildroot-linux-gnu/sysroot/usr/lib/crt1.o
 .rela.text.xll_name_to_index
                0x00000000        0x0 /home/mschreiber/Project/buildroot-2016.05/output/host/usr/sh4a-buildroot-linux-gnu/sysroot/usr/lib/crt1.o
 .rela.text.ll_type_n2a
                0x00000000        0x0 /home/mschreiber/Project/buildroot-2016.05/output/host/usr/sh4a-buildroot-linux-gnu/sysroot/usr/lib/crt1.o
 .rela.text.rtnl_tab_initialize
                0x00000000        0x0 /home/mschreiber/Project/buildroot-2016.05/output/host/usr/sh4a-buildroot-linux-gnu/sysroot/usr/lib/crt1.o
 .rela.text.rtnl_a2n
                0x00000000        0x0 /home/mschreiber/Project/buildroot-2016.05/output/host/usr/sh4a-buildroot-linux-gnu/sysroot/usr/lib/crt1.o
 .rela.text.rtnl_rtprot_a2n
                0x00000000        0x0 /home/mschreiber/Project/buildroot-2016.05/output/host/usr/sh4a-buildroot-linux-gnu/sysroot/usr/lib/crt1.o
 .rela.text.rtnl_rtntype_a2n
                0x00000000        0x0 /home/mschreiber/Project/buildroot-2016.05/output/host/usr/sh4a-buildroot-linux-gnu/sysroot/usr/lib/crt1.o
 .rela.text.get_rt_realms
                0x00000000        0x0 /home/mschreiber/Project/buildroot-2016.05/output/host/usr/sh4a-buildroot-linux-gnu/sysroot/usr/lib/crt1.o
 .rela.text.get_addr_1
                0x00000000        0x0 /home/mschreiber/Project/buildroot-2016.05/output/host/usr/sh4a-buildroot-linux-gnu/sysroot/usr/lib/crt1.o
 .rela.text.get_prefix
                0x00000000        0x0 /home/mschreiber/Project/buildroot-2016.05/output/host/usr/sh4a-buildroot-linux-gnu/sysroot/usr/lib/crt1.o
 .rela.text.get_unsigned
                0x00000000        0x0 /home/mschreiber/Project/buildroot-2016.05/output/host/usr/sh4a-buildroot-linux-gnu/sysroot/usr/lib/crt1.o
 .rela.text.get_u32
                0x00000000        0x0 /home/mschreiber/Project/buildroot-2016.05/output/host/usr/sh4a-buildroot-linux-gnu/sysroot/usr/lib/crt1.o
 .rela.text.get_u16
                0x00000000        0x0 /home/mschreiber/Project/buildroot-2016.05/output/host/usr/sh4a-buildroot-linux-gnu/sysroot/usr/lib/crt1.o
 .rela.text.inet_addr_match
                0x00000000        0x0 /home/mschreiber/Project/buildroot-2016.05/output/host/usr/sh4a-buildroot-linux-gnu/sysroot/usr/lib/crt1.o
 .rela.text.rt_addr_n2a
                0x00000000        0x0 /home/mschreiber/Project/buildroot-2016.05/output/host/usr/sh4a-buildroot-linux-gnu/sysroot/usr/lib/crt1.o
 .rela.text.alloc_dhcp_option
                0x00000000        0x0 /home/mschreiber/Project/buildroot-2016.05/output/host/usr/sh4a-buildroot-linux-gnu/sysroot/usr/lib/crt1.o
 .rela.text.init_packet
                0x00000000        0x0 /home/mschreiber/Project/buildroot-2016.05/output/host/usr/sh4a-buildroot-linux-gnu/sysroot/usr/lib/crt1.o
 .rela.text.add_client_options
                0x00000000        0x0 /home/mschreiber/Project/buildroot-2016.05/output/host/usr/sh4a-buildroot-linux-gnu/sysroot/usr/lib/crt1.o
 .rela.text.raw_bcast_from_client_config_ifindex
                0x00000000        0x0 /home/mschreiber/Project/buildroot-2016.05/output/host/usr/sh4a-buildroot-linux-gnu/sysroot/usr/lib/crt1.o
 .rela.text.send_discover
                0x00000000        0x0 /home/mschreiber/Project/buildroot-2016.05/output/host/usr/sh4a-buildroot-linux-gnu/sysroot/usr/lib/crt1.o
 .rela.text.send_select
                0x00000000        0x0 /home/mschreiber/Project/buildroot-2016.05/output/host/usr/sh4a-buildroot-linux-gnu/sysroot/usr/lib/crt1.o
 .rela.text.send_decline
                0x00000000        0x0 /home/mschreiber/Project/buildroot-2016.05/output/host/usr/sh4a-buildroot-linux-gnu/sysroot/usr/lib/crt1.o
 .rela.text.send_renew
                0x00000000        0x0 /home/mschreiber/Project/buildroot-2016.05/output/host/usr/sh4a-buildroot-linux-gnu/sysroot/usr/lib/crt1.o
 .rela.text.udhcp_recv_raw_packet
                0x00000000        0x0 /home/mschreiber/Project/buildroot-2016.05/output/host/usr/sh4a-buildroot-linux-gnu/sysroot/usr/lib/crt1.o
 .rela.text.client_background
                0x00000000        0x0 /home/mschreiber/Project/buildroot-2016.05/output/host/usr/sh4a-buildroot-linux-gnu/sysroot/usr/lib/crt1.o
 .rela.text.sprint_nip
                0x00000000        0x0 /home/mschreiber/Project/buildroot-2016.05/output/host/usr/sh4a-buildroot-linux-gnu/sysroot/usr/lib/crt1.o
 .rela.text.change_listen_mode
                0x00000000        0x0 /home/mschreiber/Project/buildroot-2016.05/output/host/usr/sh4a-buildroot-linux-gnu/sysroot/usr/lib/crt1.o
 .rela.text.xmalloc_optname_optval.isra.0
                0x00000000        0x0 /home/mschreiber/Project/buildroot-2016.05/output/host/usr/sh4a-buildroot-linux-gnu/sysroot/usr/lib/crt1.o
 .rela.text.udhcp_run_script
                0x00000000        0x0 /home/mschreiber/Project/buildroot-2016.05/output/host/usr/sh4a-buildroot-linux-gnu/sysroot/usr/lib/crt1.o
 .rela.text.send_release
                0x00000000        0x0 /home/mschreiber/Project/buildroot-2016.05/output/host/usr/sh4a-buildroot-linux-gnu/sysroot/usr/lib/crt1.o
 .rela.text.perform_release
                0x00000000        0x0 /home/mschreiber/Project/buildroot-2016.05/output/host/usr/sh4a-buildroot-linux-gnu/sysroot/usr/lib/crt1.o
 .rela.text.udhcpc_main
                0x00000000        0x0 /home/mschreiber/Project/buildroot-2016.05/output/host/usr/sh4a-buildroot-linux-gnu/sysroot/usr/lib/crt1.o
 .rela.text.udhcp_init_header
                0x00000000        0x0 /home/mschreiber/Project/buildroot-2016.05/output/host/usr/sh4a-buildroot-linux-gnu/sysroot/usr/lib/crt1.o
 .rela.text.udhcp_recv_kernel_packet
                0x00000000        0x0 /home/mschreiber/Project/buildroot-2016.05/output/host/usr/sh4a-buildroot-linux-gnu/sysroot/usr/lib/crt1.o
 .rela.text.udhcp_send_raw_packet
                0x00000000        0x0 /home/mschreiber/Project/buildroot-2016.05/output/host/usr/sh4a-buildroot-linux-gnu/sysroot/usr/lib/crt1.o
 .rela.text.udhcp_send_kernel_packet
                0x00000000        0x0 /home/mschreiber/Project/buildroot-2016.05/output/host/usr/sh4a-buildroot-linux-gnu/sysroot/usr/lib/crt1.o
 .rela.text.signal_handler
                0x00000000        0x0 /home/mschreiber/Project/buildroot-2016.05/output/host/usr/sh4a-buildroot-linux-gnu/sysroot/usr/lib/crt1.o
 .rela.text.udhcp_sp_setup
                0x00000000        0x0 /home/mschreiber/Project/buildroot-2016.05/output/host/usr/sh4a-buildroot-linux-gnu/sysroot/usr/lib/crt1.o
 .rela.text.udhcp_read_interface
                0x00000000        0x0 /home/mschreiber/Project/buildroot-2016.05/output/host/usr/sh4a-buildroot-linux-gnu/sysroot/usr/lib/crt1.o
 .rela.text.udhcp_listen_socket
                0x00000000        0x0 /home/mschreiber/Project/buildroot-2016.05/output/host/usr/sh4a-buildroot-linux-gnu/sysroot/usr/lib/crt1.o
 .rela.text.arpping
                0x00000000        0x0 /home/mschreiber/Project/buildroot-2016.05/output/host/usr/sh4a-buildroot-linux-gnu/sysroot/usr/lib/crt1.o
 .rela.text.udhcp_add_binary_option
                0x00000000        0x0 /home/mschreiber/Project/buildroot-2016.05/output/host/usr/sh4a-buildroot-linux-gnu/sysroot/usr/lib/crt1.o
 .rela.text.udhcp_add_simple_option
                0x00000000        0x0 /home/mschreiber/Project/buildroot-2016.05/output/host/usr/sh4a-buildroot-linux-gnu/sysroot/usr/lib/crt1.o
 .rela.text.attach_option
                0x00000000        0x0 /home/mschreiber/Project/buildroot-2016.05/output/host/usr/sh4a-buildroot-linux-gnu/sysroot/usr/lib/crt1.o
 .rela.text.udhcp_str2nip
                0x00000000        0x0 /home/mschreiber/Project/buildroot-2016.05/output/host/usr/sh4a-buildroot-linux-gnu/sysroot/usr/lib/crt1.o
 .rela.text.udhcp_str2optset
                0x00000000        0x0 /home/mschreiber/Project/buildroot-2016.05/output/host/usr/sh4a-buildroot-linux-gnu/sysroot/usr/lib/crt1.o
 .rela.text.sprint_nip6
                0x00000000        0x0 /home/mschreiber/Project/buildroot-2016.05/output/host/usr/sh4a-buildroot-linux-gnu/sysroot/usr/lib/crt1.o
 .rela.text.scale
                0x00000000        0x0 /home/mschreiber/Project/buildroot-2016.05/output/host/usr/sh4a-buildroot-linux-gnu/sysroot/usr/lib/crt1.o
 .rela.text.free_main
                0x00000000        0x0 /home/mschreiber/Project/buildroot-2016.05/output/host/usr/sh4a-buildroot-linux-gnu/sysroot/usr/lib/crt1.o
 .rela.text.search_dev_inode
                0x00000000        0x0 /home/mschreiber/Project/buildroot-2016.05/output/host/usr/sh4a-buildroot-linux-gnu/sysroot/usr/lib/crt1.o
 .rela.text.add_inode
                0x00000000        0x0 /home/mschreiber/Project/buildroot-2016.05/output/host/usr/sh4a-buildroot-linux-gnu/sysroot/usr/lib/crt1.o
 .rela.text.scan_proc_net_or_maps
                0x00000000        0x0 /home/mschreiber/Project/buildroot-2016.05/output/host/usr/sh4a-buildroot-linux-gnu/sysroot/usr/lib/crt1.o
 .rela.text.scan_recursive
                0x00000000        0x0 /home/mschreiber/Project/buildroot-2016.05/output/host/usr/sh4a-buildroot-linux-gnu/sysroot/usr/lib/crt1.o
 .rela.text.fuser_main
                0x00000000        0x0 /home/mschreiber/Project/buildroot-2016.05/output/host/usr/sh4a-buildroot-linux-gnu/sysroot/usr/lib/crt1.o
 .rela.text.kill_main
                0x00000000        0x0 /home/mschreiber/Project/buildroot-2016.05/output/host/usr/sh4a-buildroot-linux-gnu/sysroot/usr/lib/crt1.o
 .rela.text.lsof_main
                0x00000000        0x0 /home/mschreiber/Project/buildroot-2016.05/output/host/usr/sh4a-buildroot-linux-gnu/sysroot/usr/lib/crt1.o
 .rela.text.pidof_main
                0x00000000        0x0 /home/mschreiber/Project/buildroot-2016.05/output/host/usr/sh4a-buildroot-linux-gnu/sysroot/usr/lib/crt1.o
 .rela.text.new_out_t
                0x00000000        0x0 /home/mschreiber/Project/buildroot-2016.05/output/host/usr/sh4a-buildroot-linux-gnu/sysroot/usr/lib/crt1.o
 .rela.text.func_nice
                0x00000000        0x0 /home/mschreiber/Project/buildroot-2016.05/output/host/usr/sh4a-buildroot-linux-gnu/sysroot/usr/lib/crt1.o
 .rela.text.func_pgid
                0x00000000        0x0 /home/mschreiber/Project/buildroot-2016.05/output/host/usr/sh4a-buildroot-linux-gnu/sysroot/usr/lib/crt1.o
 .rela.text.func_ppid
                0x00000000        0x0 /home/mschreiber/Project/buildroot-2016.05/output/host/usr/sh4a-buildroot-linux-gnu/sysroot/usr/lib/crt1.o
 .rela.text.func_pid
                0x00000000        0x0 /home/mschreiber/Project/buildroot-2016.05/output/host/usr/sh4a-buildroot-linux-gnu/sysroot/usr/lib/crt1.o
 .rela.text.find_out_spec
                0x00000000        0x0 /home/mschreiber/Project/buildroot-2016.05/output/host/usr/sh4a-buildroot-linux-gnu/sysroot/usr/lib/crt1.o
 .rela.text.parse_o
                0x00000000        0x0 /home/mschreiber/Project/buildroot-2016.05/output/host/usr/sh4a-buildroot-linux-gnu/sysroot/usr/lib/crt1.o
 .rela.text.func_label
                0x00000000        0x0 /home/mschreiber/Project/buildroot-2016.05/output/host/usr/sh4a-buildroot-linux-gnu/sysroot/usr/lib/crt1.o
 .rela.text.func_state
                0x00000000        0x0 /home/mschreiber/Project/buildroot-2016.05/output/host/usr/sh4a-buildroot-linux-gnu/sysroot/usr/lib/crt1.o
 .rela.text.func_comm
                0x00000000        0x0 /home/mschreiber/Project/buildroot-2016.05/output/host/usr/sh4a-buildroot-linux-gnu/sysroot/usr/lib/crt1.o
 .rela.text.func_rss
                0x00000000        0x0 /home/mschreiber/Project/buildroot-2016.05/output/host/usr/sh4a-buildroot-linux-gnu/sysroot/usr/lib/crt1.o
 .rela.text.func_tty
                0x00000000        0x0 /home/mschreiber/Project/buildroot-2016.05/output/host/usr/sh4a-buildroot-linux-gnu/sysroot/usr/lib/crt1.o
 .rela.text.func_ruser
                0x00000000        0x0 /home/mschreiber/Project/buildroot-2016.05/output/host/usr/sh4a-buildroot-linux-gnu/sysroot/usr/lib/crt1.o
 .rela.text.func_user
                0x00000000        0x0 /home/mschreiber/Project/buildroot-2016.05/output/host/usr/sh4a-buildroot-linux-gnu/sysroot/usr/lib/crt1.o
 .rela.text.func_rgroup
                0x00000000        0x0 /home/mschreiber/Project/buildroot-2016.05/output/host/usr/sh4a-buildroot-linux-gnu/sysroot/usr/lib/crt1.o
 .rela.text.func_group
                0x00000000        0x0 /home/mschreiber/Project/buildroot-2016.05/output/host/usr/sh4a-buildroot-linux-gnu/sysroot/usr/lib/crt1.o
 .rela.text.func_args
                0x00000000        0x0 /home/mschreiber/Project/buildroot-2016.05/output/host/usr/sh4a-buildroot-linux-gnu/sysroot/usr/lib/crt1.o
 .rela.text.get_kernel_HZ
                0x00000000        0x0 /home/mschreiber/Project/buildroot-2016.05/output/host/usr/sh4a-buildroot-linux-gnu/sysroot/usr/lib/crt1.o
 .rela.text.func_time
                0x00000000        0x0 /home/mschreiber/Project/buildroot-2016.05/output/host/usr/sh4a-buildroot-linux-gnu/sysroot/usr/lib/crt1.o
 .rela.text.func_etime
                0x00000000        0x0 /home/mschreiber/Project/buildroot-2016.05/output/host/usr/sh4a-buildroot-linux-gnu/sysroot/usr/lib/crt1.o
 .rela.text.func_vsz
                0x00000000        0x0 /home/mschreiber/Project/buildroot-2016.05/output/host/usr/sh4a-buildroot-linux-gnu/sysroot/usr/lib/crt1.o
 .rela.text.ps_main
                0x00000000        0x0 /home/mschreiber/Project/buildroot-2016.05/output/host/usr/sh4a-buildroot-linux-gnu/sysroot/usr/lib/crt1.o
 .rela.text.renice_main
                0x00000000        0x0 /home/mschreiber/Project/buildroot-2016.05/output/host/usr/sh4a-buildroot-linux-gnu/sysroot/usr/lib/crt1.o
 .rela.text.sysctl_dots_to_slashes
                0x00000000        0x0 /home/mschreiber/Project/buildroot-2016.05/output/host/usr/sh4a-buildroot-linux-gnu/sysroot/usr/lib/crt1.o
 .rela.text.sysctl_act_recursive
                0x00000000        0x0 /home/mschreiber/Project/buildroot-2016.05/output/host/usr/sh4a-buildroot-linux-gnu/sysroot/usr/lib/crt1.o
 .rela.text.sysctl_main
                0x00000000        0x0 /home/mschreiber/Project/buildroot-2016.05/output/host/usr/sh4a-buildroot-linux-gnu/sysroot/usr/lib/crt1.o
 .rela.text.mult_lvl_cmp
                0x00000000        0x0 /home/mschreiber/Project/buildroot-2016.05/output/host/usr/sh4a-buildroot-linux-gnu/sysroot/usr/lib/crt1.o
 .rela.text.display_process_list
                0x00000000        0x0 /home/mschreiber/Project/buildroot-2016.05/output/host/usr/sh4a-buildroot-linux-gnu/sysroot/usr/lib/crt1.o
 .rela.text.clearmems
                0x00000000        0x0 /home/mschreiber/Project/buildroot-2016.05/output/host/usr/sh4a-buildroot-linux-gnu/sysroot/usr/lib/crt1.o
 .rela.text.reset_term
                0x00000000        0x0 /home/mschreiber/Project/buildroot-2016.05/output/host/usr/sh4a-buildroot-linux-gnu/sysroot/usr/lib/crt1.o
 .rela.text.sig_catcher
                0x00000000        0x0 /home/mschreiber/Project/buildroot-2016.05/output/host/usr/sh4a-buildroot-linux-gnu/sysroot/usr/lib/crt1.o
 .rela.text.handle_input
                0x00000000        0x0 /home/mschreiber/Project/buildroot-2016.05/output/host/usr/sh4a-buildroot-linux-gnu/sysroot/usr/lib/crt1.o
 .rela.text.read_cpu_jiffy.constprop.0
                0x00000000        0x0 /home/mschreiber/Project/buildroot-2016.05/output/host/usr/sh4a-buildroot-linux-gnu/sysroot/usr/lib/crt1.o
 .rela.text.do_stats
                0x00000000        0x0 /home/mschreiber/Project/buildroot-2016.05/output/host/usr/sh4a-buildroot-linux-gnu/sysroot/usr/lib/crt1.o
 .rela.text.top_main
                0x00000000        0x0 /home/mschreiber/Project/buildroot-2016.05/output/host/usr/sh4a-buildroot-linux-gnu/sysroot/usr/lib/crt1.o
 .rela.text.uptime_main
                0x00000000        0x0 /home/mschreiber/Project/buildroot-2016.05/output/host/usr/sh4a-buildroot-linux-gnu/sysroot/usr/lib/crt1.o
 .rela.text.watch_main
                0x00000000        0x0 /home/mschreiber/Project/buildroot-2016.05/output/host/usr/sh4a-buildroot-linux-gnu/sysroot/usr/lib/crt1.o
 .rela.text.change_filedir_context
                0x00000000        0x0 /home/mschreiber/Project/buildroot-2016.05/output/host/usr/sh4a-buildroot-linux-gnu/sysroot/usr/lib/crt1.o
 .rela.text.chcon_main
                0x00000000        0x0 /home/mschreiber/Project/buildroot-2016.05/output/host/usr/sh4a-buildroot-linux-gnu/sysroot/usr/lib/crt1.o
 .rela.text.getsebool_main
                0x00000000        0x0 /home/mschreiber/Project/buildroot-2016.05/output/host/usr/sh4a-buildroot-linux-gnu/sysroot/usr/lib/crt1.o
 .rela.text.load_policy_main
                0x00000000        0x0 /home/mschreiber/Project/buildroot-2016.05/output/host/usr/sh4a-buildroot-linux-gnu/sysroot/usr/lib/crt1.o
 .rela.text.print_matchpathcon
                0x00000000        0x0 /home/mschreiber/Project/buildroot-2016.05/output/host/usr/sh4a-buildroot-linux-gnu/sysroot/usr/lib/crt1.o
 .rela.text.matchpathcon_main
                0x00000000        0x0 /home/mschreiber/Project/buildroot-2016.05/output/host/usr/sh4a-buildroot-linux-gnu/sysroot/usr/lib/crt1.o
 .rela.text.selinuxenabled_main
                0x00000000        0x0 /home/mschreiber/Project/buildroot-2016.05/output/host/usr/sh4a-buildroot-linux-gnu/sysroot/usr/lib/crt1.o
 .rela.text.display_verbose
                0x00000000        0x0 /home/mschreiber/Project/buildroot-2016.05/output/host/usr/sh4a-buildroot-linux-gnu/sysroot/usr/lib/crt1.o
 .rela.text.sestatus_main
                0x00000000        0x0 /home/mschreiber/Project/buildroot-2016.05/output/host/usr/sh4a-buildroot-linux-gnu/sysroot/usr/lib/crt1.o
 .rela.text.canoncon
                0x00000000        0x0 /home/mschreiber/Project/buildroot-2016.05/output/host/usr/sh4a-buildroot-linux-gnu/sysroot/usr/lib/crt1.o
 .rela.text.exclude
                0x00000000        0x0 /home/mschreiber/Project/buildroot-2016.05/output/host/usr/sh4a-buildroot-linux-gnu/sysroot/usr/lib/crt1.o
 .rela.text.match
                0x00000000        0x0 /home/mschreiber/Project/buildroot-2016.05/output/host/usr/sh4a-buildroot-linux-gnu/sysroot/usr/lib/crt1.o
 .rela.text.restore
                0x00000000        0x0 /home/mschreiber/Project/buildroot-2016.05/output/host/usr/sh4a-buildroot-linux-gnu/sysroot/usr/lib/crt1.o
 .rela.text.process_one
                0x00000000        0x0 /home/mschreiber/Project/buildroot-2016.05/output/host/usr/sh4a-buildroot-linux-gnu/sysroot/usr/lib/crt1.o
 .rela.text.apply_spec
                0x00000000        0x0 /home/mschreiber/Project/buildroot-2016.05/output/host/usr/sh4a-buildroot-linux-gnu/sysroot/usr/lib/crt1.o
 .rela.text.setfiles_main
                0x00000000        0x0 /home/mschreiber/Project/buildroot-2016.05/output/host/usr/sh4a-buildroot-linux-gnu/sysroot/usr/lib/crt1.o
 .rela.text.setsebool_main
                0x00000000        0x0 /home/mschreiber/Project/buildroot-2016.05/output/host/usr/sh4a-buildroot-linux-gnu/sysroot/usr/lib/crt1.o
 .rela.text.stunalloc
                0x00000000        0x0 /home/mschreiber/Project/buildroot-2016.05/output/host/usr/sh4a-buildroot-linux-gnu/sysroot/usr/lib/crt1.o
 .rela.text.setstackmark
                0x00000000        0x0 /home/mschreiber/Project/buildroot-2016.05/output/host/usr/sh4a-buildroot-linux-gnu/sysroot/usr/lib/crt1.o
 .rela.text.hashvar
                0x00000000        0x0 /home/mschreiber/Project/buildroot-2016.05/output/host/usr/sh4a-buildroot-linux-gnu/sysroot/usr/lib/crt1.o
 .rela.text.getstatus
                0x00000000        0x0 /home/mschreiber/Project/buildroot-2016.05/output/host/usr/sh4a-buildroot-linux-gnu/sysroot/usr/lib/crt1.o
 .rela.text.freealias
                0x00000000        0x0 /home/mschreiber/Project/buildroot-2016.05/output/host/usr/sh4a-buildroot-linux-gnu/sysroot/usr/lib/crt1.o
 .rela.text.freeparam
                0x00000000        0x0 /home/mschreiber/Project/buildroot-2016.05/output/host/usr/sh4a-buildroot-linux-gnu/sysroot/usr/lib/crt1.o
 .rela.text.freefunc
                0x00000000        0x0 /home/mschreiber/Project/buildroot-2016.05/output/host/usr/sh4a-buildroot-linux-gnu/sysroot/usr/lib/crt1.o
 .rela.text.SIT
                0x00000000        0x0 /home/mschreiber/Project/buildroot-2016.05/output/host/usr/sh4a-buildroot-linux-gnu/sysroot/usr/lib/crt1.o
 .rela.text.calcsize
                0x00000000        0x0 /home/mschreiber/Project/buildroot-2016.05/output/host/usr/sh4a-buildroot-linux-gnu/sysroot/usr/lib/crt1.o
 .rela.text.__lookupalias
                0x00000000        0x0 /home/mschreiber/Project/buildroot-2016.05/output/host/usr/sh4a-buildroot-linux-gnu/sysroot/usr/lib/crt1.o
 .rela.text.msort
                0x00000000        0x0 /home/mschreiber/Project/buildroot-2016.05/output/host/usr/sh4a-buildroot-linux-gnu/sysroot/usr/lib/crt1.o
 .rela.text.pstrcmp
                0x00000000        0x0 /home/mschreiber/Project/buildroot-2016.05/output/host/usr/sh4a-buildroot-linux-gnu/sysroot/usr/lib/crt1.o
 .rela.text.raise_exception
                0x00000000        0x0 /home/mschreiber/Project/buildroot-2016.05/output/host/usr/sh4a-buildroot-linux-gnu/sysroot/usr/lib/crt1.o
 .rela.text.setparam
                0x00000000        0x0 /home/mschreiber/Project/buildroot-2016.05/output/host/usr/sh4a-buildroot-linux-gnu/sysroot/usr/lib/crt1.o
 .rela.text.ignoresig
                0x00000000        0x0 /home/mschreiber/Project/buildroot-2016.05/output/host/usr/sh4a-buildroot-linux-gnu/sysroot/usr/lib/crt1.o
 .rela.text.raise_interrupt
                0x00000000        0x0 /home/mschreiber/Project/buildroot-2016.05/output/host/usr/sh4a-buildroot-linux-gnu/sysroot/usr/lib/crt1.o
 .rela.text.int_on
                0x00000000        0x0 /home/mschreiber/Project/buildroot-2016.05/output/host/usr/sh4a-buildroot-linux-gnu/sysroot/usr/lib/crt1.o
 .rela.text.flush_stdout_stderr
                0x00000000        0x0 /home/mschreiber/Project/buildroot-2016.05/output/host/usr/sh4a-buildroot-linux-gnu/sysroot/usr/lib/crt1.o
 .rela.text.clearcmdentry
                0x00000000        0x0 /home/mschreiber/Project/buildroot-2016.05/output/host/usr/sh4a-buildroot-linux-gnu/sysroot/usr/lib/crt1.o
 .rela.text.changepath
                0x00000000        0x0 /home/mschreiber/Project/buildroot-2016.05/output/host/usr/sh4a-buildroot-linux-gnu/sysroot/usr/lib/crt1.o
 .rela.text.unalias